Archive member included to satisfy reference by file (symbol)

app/libapp.a(main.c.obj)      (--whole-archive)
app/libapp.a(button.c.obj)    (--whole-archive)
zephyr/libzephyr.a(cbprintf_packaged.c.obj)
                              (--whole-archive)
zephyr/libzephyr.a(dec.c.obj)
                              (--whole-archive)
zephyr/libzephyr.a(hex.c.obj)
                              (--whole-archive)
zephyr/libzephyr.a(printk.c.obj)
                              (--whole-archive)
zephyr/libzephyr.a(rb.c.obj)  (--whole-archive)
zephyr/libzephyr.a(sem.c.obj)
                              (--whole-archive)
zephyr/libzephyr.a(thread_entry.c.obj)
                              (--whole-archive)
zephyr/libzephyr.a(timeutil.c.obj)
                              (--whole-archive)
zephyr/libzephyr.a(heap.c.obj)
                              (--whole-archive)
zephyr/libzephyr.a(heap-validate.c.obj)
                              (--whole-archive)
zephyr/libzephyr.a(bitarray.c.obj)
                              (--whole-archive)
zephyr/libzephyr.a(multi_heap.c.obj)
                              (--whole-archive)
zephyr/libzephyr.a(cbprintf_complete.c.obj)
                              (--whole-archive)
zephyr/libzephyr.a(cbprintf.c.obj)
                              (--whole-archive)
zephyr/libzephyr.a(assert.c.obj)
                              (--whole-archive)
zephyr/libzephyr.a(configs.c.obj)
                              (--whole-archive)
zephyr/libzephyr.a(tracing_none.c.obj)
                              (--whole-archive)
zephyr/arch/arch/posix/core/libarch__posix__core.a(cpuhalt.c.obj)
                              (--whole-archive)
zephyr/arch/arch/posix/core/libarch__posix__core.a(fatal.c.obj)
                              (--whole-archive)
zephyr/arch/arch/posix/core/libarch__posix__core.a(irq.c.obj)
                              (--whole-archive)
zephyr/arch/arch/posix/core/libarch__posix__core.a(swap.c.obj)
                              (--whole-archive)
zephyr/arch/arch/posix/core/libarch__posix__core.a(thread.c.obj)
                              (--whole-archive)
zephyr/arch/arch/posix/core/libarch__posix__core.a(posix_core_nsi.c.obj)
                              (--whole-archive)
zephyr/soc/soc/posix/inf_clock/libsoc__posix__inf_clock.a(soc.c.obj)
                              (--whole-archive)
zephyr/soc/soc/posix/inf_clock/libsoc__posix__inf_clock.a(native_tasks.c.obj)
                              (--whole-archive)
zephyr/boards/posix/native_sim/libboards__posix__native_sim.a(cmdline.c.obj)
                              (--whole-archive)
zephyr/boards/posix/native_sim/libboards__posix__native_sim.a(cpu_wait.c.obj)
                              (--whole-archive)
zephyr/boards/posix/native_sim/libboards__posix__native_sim.a(nsi_if.c.obj)
                              (--whole-archive)
zephyr/boards/posix/native_sim/libboards__posix__native_sim.a(irq_handler.c.obj)
                              (--whole-archive)
zephyr/boards/posix/native_sim/libboards__posix__native_sim.a(misc.c.obj)
                              (--whole-archive)
zephyr/boards/posix/native_sim/libboards__posix__native_sim.a(posix_arch_if.c.obj)
                              (--whole-archive)
zephyr/drivers/console/libdrivers__console.a(posix_arch_console.c.obj)
                              (--whole-archive)
zephyr/drivers/console/libdrivers__console.a(uart_console.c.obj)
                              (--whole-archive)
zephyr/drivers/gpio/libdrivers__gpio.a(gpio_emul.c.obj)
                              (--whole-archive)
zephyr/drivers/serial/libdrivers__serial.a(uart_native_ptty.c.obj)
                              (--whole-archive)
zephyr/drivers/timer/libdrivers__timer.a(sys_clock_init.c.obj)
                              (--whole-archive)
zephyr/drivers/timer/libdrivers__timer.a(native_posix_timer.c.obj)
                              (--whole-archive)
zephyr/kernel/libkernel.a(device.c.obj)
                              app/libapp.a(button.c.obj) (z_device_is_ready)
zephyr/kernel/libkernel.a(fatal.c.obj)
                              zephyr/libzephyr.a(assert.c.obj) (z_fatal_error)
zephyr/kernel/libkernel.a(init.c.obj)
                              zephyr/arch/arch/posix/core/libarch__posix__core.a(swap.c.obj) (_kernel)
zephyr/kernel/libkernel.a(thread.c.obj)
                              zephyr/kernel/libkernel.a(init.c.obj) (z_setup_new_thread)
zephyr/kernel/libkernel.a(idle.c.obj)
                              zephyr/kernel/libkernel.a(init.c.obj) (idle)
zephyr/kernel/libkernel.a(sem.c.obj)
                              zephyr/libzephyr.a(sem.c.obj) (z_impl_k_sem_init)
zephyr/kernel/libkernel.a(work.c.obj)
                              app/libapp.a(button.c.obj) (k_work_init_delayable)
zephyr/kernel/libkernel.a(sched.c.obj)
                              zephyr/kernel/libkernel.a(thread.c.obj) (z_thread_timeout)
zephyr/kernel/libkernel.a(timeout.c.obj)
[...]
Memory Configuration

Name             Origin             Length             Attributes
*default*        0x00000000         0xffffffff

Linker script and memory map


.interp
 *(SORT_BY_ALIGNMENT(.interp))

.note.gnu.build-id
 *(SORT_BY_ALIGNMENT(.note.gnu.build-id))

.hash
 *(SORT_BY_ALIGNMENT(.hash))

.gnu.hash
 *(SORT_BY_ALIGNMENT(.gnu.hash))

.dynsym
 *(SORT_BY_ALIGNMENT(.dynsym))

.dynstr
 *(SORT_BY_ALIGNMENT(.dynstr))

.gnu.version
 *(SORT_BY_ALIGNMENT(.gnu.version))

.gnu.version_d
 *(SORT_BY_ALIGNMENT(.gnu.version_d))

.gnu.version_r
 *(SORT_BY_ALIGNMENT(.gnu.version_r))

.rel.init
 *(SORT_BY_ALIGNMENT(.rel.init))

.rel.text
 *(SORT_BY_ALIGNMENT(.rel.text))

.rel.fini
 *(SORT_BY_ALIGNMENT(.rel.fini))

.rel.rodata
 *(SORT_BY_ALIGNMENT(.rel.rodata))

.rel.data.rel.ro
 *(SORT_BY_ALIGNMENT(.rel.data.rel.ro))

.rel.data
 *(SORT_BY_ALIGNMENT(.rel.data))

.rel.tdata
 *(SORT_BY_ALIGNMENT(.rel.tdata))

.rel.tbss
 *(SORT_BY_ALIGNMENT(.rel.tbss))

.rel.ctors
 *(SORT_BY_ALIGNMENT(.rel.ctors))

.rel.dtors
 *(SORT_BY_ALIGNMENT(.rel.dtors))

.rel.got
 *(SORT_BY_ALIGNMENT(.rel.got))

.rel.bss
 *(SORT_BY_ALIGNMENT(.rel.bss))

.rel.ifunc
 *(SORT_BY_ALIGNMENT(.rel.ifunc))

.rel.plt
 *(SORT_BY_ALIGNMENT(.rel.plt))

.relr.dyn
 *(SORT_BY_ALIGNMENT(.relr.dyn))

.init
 *(SORT_NONE(.init))

.plt
 *(SORT_BY_ALIGNMENT(.plt))

.plt.got
 *(SORT_BY_ALIGNMENT(.plt.got))

.plt.sec
 *(SORT_BY_ALIGNMENT(.plt.sec))

.text
 *(SORT_BY_ALIGNMENT(.text) SORT_BY_ALIGNMENT(.stub))
 *(SORT_BY_ALIGNMENT(.gnu.warning))

.text._OffsetAbsSyms
                0x00000000        0x1
 .text._OffsetAbsSyms
                0x00000000        0x1 zephyr/CMakeFiles/offsets.dir/./arch/posix/core/offsets/offsets.c.obj
                0x00000000                _OffsetAbsSyms

.text.main      0x00000000       0x5a
 .text.main     0x00000000       0x5a app/libapp.a(main.c.obj)
                0x00000000                main

.text.button_isr
                0x00000000       0x1c
 .text.button_isr
                0x00000000       0x1c app/libapp.a(button.c.obj)

.text.button_work_handler
                0x00000000       0x90
 .text.button_work_handler
                0x00000000       0x90 app/libapp.a(button.c.obj)

.text.button_get_event
                0x00000000       0x98
 .text.button_get_event
                0x00000000       0x98 app/libapp.a(button.c.obj)
                0x00000000                button_get_event

.text.button_init
                0x00000000       0xaa
 .text.button_init
                0x00000000       0xaa app/libapp.a(button.c.obj)
                0x00000000                button_init

.text.arch_printk_char_out
                0x00000000        0x3
 .text.arch_printk_char_out
                0x00000000        0x3 zephyr/libzephyr.a(printk.c.obj)
                0x00000000                arch_printk_char_out

.text.char_out  0x00000000        0x6
 .text.char_out
                0x00000000        0x6 zephyr/libzephyr.a(printk.c.obj)

.text.__printk_hook_install
                0x00000000        0xd
 .text.__printk_hook_install
                0x00000000        0xd zephyr/libzephyr.a(printk.c.obj)
                0x00000000                __printk_hook_install

.text.vprintk   0x00000000       0x1f
 .text.vprintk  0x00000000       0x1f zephyr/libzephyr.a(printk.c.obj)
                0x00000000                vprintk

.text.printk    0x00000000       0x17
 .text.printk   0x00000000       0x17 zephyr/libzephyr.a(printk.c.obj)
                0x00000000                printk

.text.z_thread_entry
                0x00000000       0x3a
 .text.z_thread_entry
                0x00000000       0x3a zephyr/libzephyr.a(thread_entry.c.obj)
                0x00000000                z_thread_entry

.text.outs      0x00000000       0x4f
 .text.outs     0x00000000       0x4f zephyr/libzephyr.a(cbprintf_complete.c.obj)

.text.extract_decimal
                0x00000000       0x37
 .text.extract_decimal
                0x00000000       0x37 zephyr/libzephyr.a(cbprintf_complete.c.obj)

.text.encode_uint
                0x00000000       0xd7
 .text.encode_uint
                0x00000000       0xd7 zephyr/libzephyr.a(cbprintf_complete.c.obj)

.text.z_cbvprintf_impl
                0x00000000      0x801
 .text.z_cbvprintf_impl
                0x00000000      0x801 zephyr/libzephyr.a(cbprintf_complete.c.obj)
                0x00000000                z_cbvprintf_impl

.text.assert_print
                0x00000000       0x17
 .text.assert_print
                0x00000000       0x17 zephyr/libzephyr.a(assert.c.obj)
                0x00000000                assert_print

.text._ConfigAbsSyms
                0x00000000        0x1
 .text._ConfigAbsSyms
                0x00000000        0x1 zephyr/libzephyr.a(configs.c.obj)
                0x00000000                _ConfigAbsSyms

.text.sys_trace_isr_enter
                0x00000000        0x1
 .text.sys_trace_isr_enter
                0x00000000        0x1 zephyr/libzephyr.a(tracing_none.c.obj)
                0x00000000                sys_trace_isr_enter

.text.sys_trace_isr_exit
                0x00000000        0x1
 .text.sys_trace_isr_exit
                0x00000000        0x1 zephyr/libzephyr.a(tracing_none.c.obj)
                0x00000000                sys_trace_isr_exit

.text.sys_trace_idle
                0x00000000        0x1
 .text.sys_trace_idle
                0x00000000        0x1 zephyr/libzephyr.a(tracing_none.c.obj)
                0x00000000                sys_trace_idle

.text.arch_cpu_idle
                0x00000000       0x16
 .text.arch_cpu_idle
                0x00000000       0x16 zephyr/arch/arch/posix/core/libarch__posix__core.a(cpuhalt.c.obj)
                0x00000000                arch_cpu_idle

.text.arch_system_halt
                0x00000000       0x27
 .text.arch_system_halt
                0x00000000       0x27 zephyr/arch/arch/posix/core/libarch__posix__core.a(fatal.c.obj)
                0x00000000                arch_system_halt

.text.arch_irq_enable
                0x00000000        0x5
 .text.arch_irq_enable
                0x00000000        0x5 zephyr/arch/arch/posix/core/libarch__posix__core.a(irq.c.obj)
                0x00000000                arch_irq_enable

.text.arch_swap
                0x00000000       0x50
 .text.arch_swap
                0x00000000       0x50 zephyr/arch/arch/posix/core/libarch__posix__core.a(swap.c.obj)
                0x00000000                arch_swap

.text.arch_switch_to_main_thread
                0x00000000       0x1c
 .text.arch_switch_to_main_thread
                0x00000000       0x1c zephyr/arch/arch/posix/core/libarch__posix__core.a(swap.c.obj)
                0x00000000                arch_switch_to_main_thread

.text.arch_new_thread
                0x00000000       0x41
 .text.arch_new_thread
                0x00000000       0x41 zephyr/arch/arch/posix/core/libarch__posix__core.a(thread.c.obj)
                0x00000000                arch_new_thread

.text.posix_arch_thread_entry
                0x00000000       0x1d
 .text.posix_arch_thread_entry
                0x00000000       0x1d zephyr/arch/arch/posix/core/libarch__posix__core.a(thread.c.obj)
                0x00000000                posix_arch_thread_entry

.text.z_impl_k_thread_abort
                0x00000000       0x84
 .text.z_impl_k_thread_abort
                0x00000000       0x84 zephyr/arch/arch/posix/core/libarch__posix__core.a(thread.c.obj)
                0x00000000                z_impl_k_thread_abort

.text.posix_arch_init
                0x00000000       0x1a
 .text.posix_arch_init
                0x00000000       0x1a zephyr/arch/arch/posix/core/libarch__posix__core.a(posix_core_nsi.c.obj)
                0x00000000                posix_arch_init

.text.posix_arch_clean_up
                0x00000000       0x16
 .text.posix_arch_clean_up
                0x00000000       0x16 zephyr/arch/arch/posix/core/libarch__posix__core.a(posix_core_nsi.c.obj)
                0x00000000                posix_arch_clean_up

.text.posix_swap
                0x00000000       0x17
 .text.posix_swap
                0x00000000       0x17 zephyr/arch/arch/posix/core/libarch__posix__core.a(posix_core_nsi.c.obj)
                0x00000000                posix_swap

.text.posix_main_thread_start
                0x00000000       0x19
 .text.posix_main_thread_start
                0x00000000       0x19 zephyr/arch/arch/posix/core/libarch__posix__core.a(posix_core_nsi.c.obj)
                0x00000000                posix_main_thread_start

.text.posix_new_thread
                0x00000000       0x19
 .text.posix_new_thread
                0x00000000       0x19 zephyr/arch/arch/posix/core/libarch__posix__core.a(posix_core_nsi.c.obj)
                0x00000000                posix_new_thread

.text.posix_abort_thread
                0x00000000       0x19
 .text.posix_abort_thread
                0x00000000       0x19 zephyr/arch/arch/posix/core/libarch__posix__core.a(posix_core_nsi.c.obj)
                0x00000000                posix_abort_thread

.text.posix_is_cpu_running
                0x00000000       0x16
 .text.posix_is_cpu_running
                0x00000000       0x16 zephyr/soc/soc/posix/inf_clock/libsoc__posix__inf_clock.a(soc.c.obj)
                0x00000000                posix_is_cpu_running

.text.posix_interrupt_raised
                0x00000000       0x16
 .text.posix_interrupt_raised
                0x00000000       0x16 zephyr/soc/soc/posix/inf_clock/libsoc__posix__inf_clock.a(soc.c.obj)
                0x00000000                posix_interrupt_raised

.text.posix_halt_cpu
                0x00000000       0x1a
 .text.posix_halt_cpu
                0x00000000       0x1a zephyr/soc/soc/posix/inf_clock/libsoc__posix__inf_clock.a(soc.c.obj)
                0x00000000                posix_halt_cpu

.text.posix_boot_cpu
                0x00000000       0x2c
 .text.posix_boot_cpu
                0x00000000       0x2c zephyr/soc/soc/posix/inf_clock/libsoc__posix__inf_clock.a(soc.c.obj)
                0x00000000                posix_boot_cpu

.text.posix_soc_clean_up
                0x00000000       0x28
 .text.posix_soc_clean_up
                0x00000000       0x28 zephyr/soc/soc/posix/inf_clock/libsoc__posix__inf_clock.a(soc.c.obj)
                0x00000000                posix_soc_clean_up

.text.run_native_tasks
                0x00000000       0x29
 .text.run_native_tasks
                0x00000000       0x29 zephyr/soc/soc/posix/inf_clock/libsoc__posix__inf_clock.a(native_tasks.c.obj)
                0x00000000                run_native_tasks

.text.native_add_command_line_opts
                0x00000000        0x5
 .text.native_add_command_line_opts
                0x00000000        0x5 zephyr/boards/posix/native_sim/libboards__posix__native_sim.a(cmdline.c.obj)
                0x00000000                native_add_command_line_opts

.text.posix_irq_handler
                0x00000000      0x119
 .text.posix_irq_handler
                0x00000000      0x119 zephyr/boards/posix/native_sim/libboards__posix__native_sim.a(irq_handler.c.obj)
                0x00000000                posix_irq_handler

.text.posix_irq_lock
                0x00000000       0x12
 .text.posix_irq_lock
                0x00000000       0x12 zephyr/boards/posix/native_sim/libboards__posix__native_sim.a(irq_handler.c.obj)
                0x00000000                posix_irq_lock

.text.posix_irq_unlock
                0x00000000        0x5
 .text.posix_irq_unlock
                0x00000000        0x5 zephyr/boards/posix/native_sim/libboards__posix__native_sim.a(irq_handler.c.obj)
                0x00000000                posix_irq_unlock

.text.posix_irq_full_unlock
                0x00000000       0x12
 .text.posix_irq_full_unlock
                0x00000000       0x12 zephyr/boards/posix/native_sim/libboards__posix__native_sim.a(irq_handler.c.obj)
                0x00000000                posix_irq_full_unlock

.text.posix_irq_enable
                0x00000000        0x5
 .text.posix_irq_enable
                0x00000000        0x5 zephyr/boards/posix/native_sim/libboards__posix__native_sim.a(irq_handler.c.obj)
                0x00000000                posix_irq_enable

.text.posix_isr_declare
                0x00000000       0x2b
 .text.posix_isr_declare
                0x00000000       0x2b zephyr/boards/posix/native_sim/libboards__posix__native_sim.a(irq_handler.c.obj)
                0x00000000                posix_isr_declare

.text.posix_irq_priority_set
                0x00000000        0x5
 .text.posix_irq_priority_set
                0x00000000        0x5 zephyr/boards/posix/native_sim/libboards__posix__native_sim.a(irq_handler.c.obj)
                0x00000000                posix_irq_priority_set

.text.set_realtime_default
                0x00000000       0x12
 .text.set_realtime_default
                0x00000000       0x12 zephyr/boards/posix/native_sim/libboards__posix__native_sim.a(misc.c.obj)

.text.posix_print_error_and_exit
                0x00000000       0x17
 .text.posix_print_error_and_exit
                0x00000000       0x17 zephyr/boards/posix/native_sim/libboards__posix__native_sim.a(posix_arch_if.c.obj)
                0x00000000                posix_print_error_and_exit

.text.posix_print_warning
                0x00000000       0x17
 .text.posix_print_warning
                0x00000000       0x17 zephyr/boards/posix/native_sim/libboards__posix__native_sim.a(posix_arch_if.c.obj)
                0x00000000                posix_print_warning

.text.posix_print_trace
                0x00000000       0x17
 .text.posix_print_trace
                0x00000000       0x17 zephyr/boards/posix/native_sim/libboards__posix__native_sim.a(posix_arch_if.c.obj)
                0x00000000                posix_print_trace

.text.posix_arch_console_init
                0x00000000       0x17
 .text.posix_arch_console_init
                0x00000000       0x17 zephyr/drivers/console/libdrivers__console.a(posix_arch_console.c.obj)

.text.print_char
                0x00000000       0x61
 .text.print_char
                0x00000000       0x61 zephyr/drivers/console/libdrivers__console.a(posix_arch_console.c.obj)

.text.uart_console_init
                0x00000000       0x32
 .text.uart_console_init
                0x00000000       0x32 zephyr/drivers/console/libdrivers__console.a(uart_console.c.obj)

.text.console_out
                0x00000000       0x3a
 .text.console_out
                0x00000000       0x3a zephyr/drivers/console/libdrivers__console.a(uart_console.c.obj)

.text.get_input_pins
                0x00000000       0x35
 .text.get_input_pins
                0x00000000       0x35 zephyr/drivers/gpio/libdrivers__gpio.a(gpio_emul.c.obj)

.text.gpio_emul_gen_interrupt_bits
                0x00000000      0x121
 .text.gpio_emul_gen_interrupt_bits
                0x00000000      0x121 zephyr/drivers/gpio/libdrivers__gpio.a(gpio_emul.c.obj)

.text.gpio_emul_manage_callback
                0x00000000       0x6f
 .text.gpio_emul_manage_callback
                0x00000000       0x6f zephyr/drivers/gpio/libdrivers__gpio.a(gpio_emul.c.obj)

.text.gpio_emul_get_pending_int
                0x00000000        0xe
 .text.gpio_emul_get_pending_int
                0x00000000        0xe zephyr/drivers/gpio/libdrivers__gpio.a(gpio_emul.c.obj)

.text.gpio_emul_init
                0x00000000       0x15
 .text.gpio_emul_init
                0x00000000       0x15 zephyr/drivers/gpio/libdrivers__gpio.a(gpio_emul.c.obj)

.text.gpio_emul_port_get_raw
                0x00000000       0x47
 .text.gpio_emul_port_get_raw
                0x00000000       0x47 zephyr/drivers/gpio/libdrivers__gpio.a(gpio_emul.c.obj)

.text.gpio_fire_callbacks.isra.0
                0x00000000       0x3f
 .text.gpio_fire_callbacks.isra.0
                0x00000000       0x3f zephyr/drivers/gpio/libdrivers__gpio.a(gpio_emul.c.obj)

.text.gpio_emul_pin_interrupt_configure
                0x00000000      0x1b9
 .text.gpio_emul_pin_interrupt_configure
                0x00000000      0x1b9 zephyr/drivers/gpio/libdrivers__gpio.a(gpio_emul.c.obj)

.text.gpio_emul_pend_interrupt
                0x00000000       0x9a
 .text.gpio_emul_pend_interrupt
                0x00000000       0x9a zephyr/drivers/gpio/libdrivers__gpio.a(gpio_emul.c.obj)

.text.get_output_pins
                0x00000000       0x35
 .text.get_output_pins
                0x00000000       0x35 zephyr/drivers/gpio/libdrivers__gpio.a(gpio_emul.c.obj)

.text.gpio_emul_input_set_masked_int
                0x00000000       0x4b
 .text.gpio_emul_input_set_masked_int
                0x00000000       0x4b zephyr/drivers/gpio/libdrivers__gpio.a(gpio_emul.c.obj)
                0x00000000                gpio_emul_input_set_masked_int

.text.gpio_emul_port_toggle_bits
                0x00000000       0x62
 .text.gpio_emul_port_toggle_bits
                0x00000000       0x62 zephyr/drivers/gpio/libdrivers__gpio.a(gpio_emul.c.obj)

.text.gpio_emul_port_clear_bits_raw
                0x00000000       0x93
 .text.gpio_emul_port_clear_bits_raw
                0x00000000       0x93 zephyr/drivers/gpio/libdrivers__gpio.a(gpio_emul.c.obj)

.text.gpio_emul_port_set_bits_raw
                0x00000000       0x8f
 .text.gpio_emul_port_set_bits_raw
                0x00000000       0x8f zephyr/drivers/gpio/libdrivers__gpio.a(gpio_emul.c.obj)

.text.gpio_emul_port_set_masked_raw
                0x00000000       0xa8
 .text.gpio_emul_port_set_masked_raw
                0x00000000       0xa8 zephyr/drivers/gpio/libdrivers__gpio.a(gpio_emul.c.obj)

.text.gpio_emul_pin_configure
                0x00000000       0xd8
 .text.gpio_emul_pin_configure
                0x00000000       0xd8 zephyr/drivers/gpio/libdrivers__gpio.a(gpio_emul.c.obj)

.text.auto_attach_cmd_cb
                0x00000000       0x17
 .text.auto_attach_cmd_cb
                0x00000000       0x17 zephyr/drivers/serial/libdrivers__serial.a(uart_native_ptty.c.obj)

.text.np_uart_tty_poll_in
                0x00000000       0x27
 .text.np_uart_tty_poll_in
                0x00000000       0x27 zephyr/drivers/serial/libdrivers__serial.a(uart_native_ptty.c.obj)

.text.np_uart_0_init
                0x00000000       0x3b
 .text.np_uart_0_init
                0x00000000       0x3b zephyr/drivers/serial/libdrivers__serial.a(uart_native_ptty.c.obj)

.text.np_add_uart_options
                0x00000000       0x15
 .text.np_add_uart_options
                0x00000000       0x15 zephyr/drivers/serial/libdrivers__serial.a(uart_native_ptty.c.obj)

.text.np_cleanup_uart
                0x00000000       0x1b
 .text.np_cleanup_uart
                0x00000000       0x1b zephyr/drivers/serial/libdrivers__serial.a(uart_native_ptty.c.obj)

.text.np_uart_poll_out
                0x00000000       0x24
 .text.np_uart_poll_out
                0x00000000       0x24 zephyr/drivers/serial/libdrivers__serial.a(uart_native_ptty.c.obj)

.text.np_timer_isr
                0x00000000       0x8e
 .text.np_timer_isr
                0x00000000       0x8e zephyr/drivers/timer/libdrivers__timer.a(native_posix_timer.c.obj)

.text.sys_clock_driver_init
                0x00000000       0x6d
 .text.sys_clock_driver_init
                0x00000000       0x6d zephyr/drivers/timer/libdrivers__timer.a(native_posix_timer.c.obj)

.text.sys_clock_set_timeout
                0x00000000       0x2b
 .text.sys_clock_set_timeout
                0x00000000       0x2b zephyr/drivers/timer/libdrivers__timer.a(native_posix_timer.c.obj)
                0x00000000                sys_clock_set_timeout

.text.sys_clock_elapsed
                0x00000000       0x2f
 .text.sys_clock_elapsed
                0x00000000       0x2f zephyr/drivers/timer/libdrivers__timer.a(native_posix_timer.c.obj)
                0x00000000                sys_clock_elapsed

.text.z_device_state_init
                0x00000000        0x1
 .text.z_device_state_init
                0x00000000        0x1 zephyr/kernel/libkernel.a(device.c.obj)
                0x00000000                z_device_state_init

.text.z_device_is_ready
                0x00000000       0x24
 .text.z_device_is_ready
                0x00000000       0x24 zephyr/kernel/libkernel.a(device.c.obj)
                0x00000000                z_device_is_ready

.text.k_sys_fatal_error_handler
                0x00000000        0xe
 .text.k_sys_fatal_error_handler
                0x00000000        0xe zephyr/kernel/libkernel.a(fatal.c.obj)
                0x00000000                k_sys_fatal_error_handler

.text.z_fatal_error
                0x00000000       0x45
 .text.z_fatal_error
                0x00000000       0x45 zephyr/kernel/libkernel.a(fatal.c.obj)
                0x00000000                z_fatal_error

.text.z_sys_init_run_level
                0x00000000       0x63
 .text.z_sys_init_run_level
                0x00000000       0x63 zephyr/kernel/libkernel.a(init.c.obj)

.text.bg_thread_main
                0x00000000       0x39
 .text.bg_thread_main
                0x00000000       0x39 zephyr/kernel/libkernel.a(init.c.obj)

.text.z_init_cpu
                0x00000000       0x6c
 .text.z_init_cpu
                0x00000000       0x6c zephyr/kernel/libkernel.a(init.c.obj)
                0x00000000                z_init_cpu

.text.z_cstart  0x00000000       0xc0
 .text.z_cstart
                0x00000000       0xc0 zephyr/kernel/libkernel.a(init.c.obj)
                0x00000000                z_cstart

.text.k_is_in_isr
                0x00000000        0xb
 .text.k_is_in_isr
                0x00000000        0xb zephyr/kernel/libkernel.a(thread.c.obj)
                0x00000000                k_is_in_isr

.text.z_impl_k_thread_name_set
                0x00000000        0x6
 .text.z_impl_k_thread_name_set
                0x00000000        0x6 zephyr/kernel/libkernel.a(thread.c.obj)
                0x00000000                z_impl_k_thread_name_set

.text.z_impl_k_thread_start
                0x00000000        0x5
 .text.z_impl_k_thread_start
                0x00000000        0x5 zephyr/kernel/libkernel.a(thread.c.obj)
                0x00000000                z_impl_k_thread_start

.text.z_setup_new_thread
                0x00000000       0x75
 .text.z_setup_new_thread
                0x00000000       0x75 zephyr/kernel/libkernel.a(thread.c.obj)
                0x00000000                z_setup_new_thread

.text.z_impl_k_thread_create
                0x00000000       0x73
 .text.z_impl_k_thread_create
                0x00000000       0x73 zephyr/kernel/libkernel.a(thread.c.obj)
                0x00000000                z_impl_k_thread_create

.text.z_init_static_threads
                0x00000000       0xa2
 .text.z_init_static_threads
                0x00000000       0xa2 zephyr/kernel/libkernel.a(thread.c.obj)
                0x00000000                z_init_static_threads

.text.idle      0x00000000       0x12
 .text.idle     0x00000000       0x12 zephyr/kernel/libkernel.a(idle.c.obj)
                0x00000000                idle

.text.z_impl_k_sem_give
                0x00000000       0x62
 .text.z_impl_k_sem_give
                0x00000000       0x62 zephyr/kernel/libkernel.a(sem.c.obj)
                0x00000000                z_impl_k_sem_give

.text.flag_test_and_clear
                0x00000000       0x16
 .text.flag_test_and_clear
                0x00000000       0x16 zephyr/kernel/libkernel.a(work.c.obj)

.text.unschedule_locked
                0x00000000       0x31
 .text.unschedule_locked
                0x00000000       0x31 zephyr/kernel/libkernel.a(work.c.obj)

.text.notify_queue_locked.isra.0
                0x00000000       0x1d
 .text.notify_queue_locked.isra.0
                0x00000000       0x1d zephyr/kernel/libkernel.a(work.c.obj)

.text.work_queue_main
                0x00000000      0x151
 .text.work_queue_main
                0x00000000      0x151 zephyr/kernel/libkernel.a(work.c.obj)

.text.submit_to_queue_locked
                0x00000000       0xeb
 .text.submit_to_queue_locked
                0x00000000       0xeb zephyr/kernel/libkernel.a(work.c.obj)

.text.work_timeout
                0x00000000       0x62
 .text.work_timeout
                0x00000000       0x62 zephyr/kernel/libkernel.a(work.c.obj)

.text.k_work_queue_start
                0x00000000       0x8d
 .text.k_work_queue_start
                0x00000000       0x8d zephyr/kernel/libkernel.a(work.c.obj)
                0x00000000                k_work_queue_start

.text.k_work_init_delayable
                0x00000000       0x22
 .text.k_work_init_delayable
                0x00000000       0x22 zephyr/kernel/libkernel.a(work.c.obj)
                0x00000000                k_work_init_delayable

.text.k_work_reschedule_for_queue
                0x00000000       0x76
 .text.k_work_reschedule_for_queue
                0x00000000       0x76 zephyr/kernel/libkernel.a(work.c.obj)
                0x00000000                k_work_reschedule_for_queue

.text.k_work_reschedule
                0x00000000       0x1e
 .text.k_work_reschedule
                0x00000000       0x1e zephyr/kernel/libkernel.a(work.c.obj)
                0x00000000                k_work_reschedule

.text.sys_dlist_remove
                0x00000000       0x12
 .text.sys_dlist_remove
                0x00000000       0x12 zephyr/kernel/libkernel.a(sched.c.obj)

.text.sliceable
                0x00000000       0x3a
 .text.sliceable
                0x00000000       0x3a zephyr/kernel/libkernel.a(sched.c.obj)

.text.slice_timeout
                0x00000000       0x1d
 .text.slice_timeout
                0x00000000       0x1d zephyr/kernel/libkernel.a(sched.c.obj)

.text.unpend_thread_no_timeout
                0x00000000       0x16
 .text.unpend_thread_no_timeout
                0x00000000       0x16 zephyr/kernel/libkernel.a(sched.c.obj)

.text.z_reset_time_slice
                0x00000000       0x52
 .text.z_reset_time_slice
                0x00000000       0x52 zephyr/kernel/libkernel.a(sched.c.obj)
                0x00000000                z_reset_time_slice

.text.update_cache
                0x00000000       0x51
 .text.update_cache
                0x00000000       0x51 zephyr/kernel/libkernel.a(sched.c.obj)

.text.move_thread_to_end_of_prio_q
                0x00000000       0x80
 .text.move_thread_to_end_of_prio_q
                0x00000000       0x80 zephyr/kernel/libkernel.a(sched.c.obj)

.text.ready_thread
                0x00000000       0x79
 .text.ready_thread
                0x00000000       0x79 zephyr/kernel/libkernel.a(sched.c.obj)

.text.unready_thread
                0x00000000       0x2a
 .text.unready_thread
                0x00000000       0x2a zephyr/kernel/libkernel.a(sched.c.obj)

.text.add_to_waitq_locked
                0x00000000       0x5c
 .text.add_to_waitq_locked
                0x00000000       0x5c zephyr/kernel/libkernel.a(sched.c.obj)

.text.pend_locked
                0x00000000       0x3d
 .text.pend_locked
                0x00000000       0x3d zephyr/kernel/libkernel.a(sched.c.obj)

.text.z_time_slice
                0x00000000       0x59
 .text.z_time_slice
                0x00000000       0x59 zephyr/kernel/libkernel.a(sched.c.obj)
                0x00000000                z_time_slice

.text.z_ready_thread
                0x00000000       0x21
 .text.z_ready_thread
                0x00000000       0x21 zephyr/kernel/libkernel.a(sched.c.obj)
                0x00000000                z_ready_thread

.text.z_sched_wake_thread
                0x00000000       0x55
 .text.z_sched_wake_thread
                0x00000000       0x55 zephyr/kernel/libkernel.a(sched.c.obj)
                0x00000000                z_sched_wake_thread

.text.z_thread_timeout
                0x00000000       0x19
 .text.z_thread_timeout
                0x00000000       0x19 zephyr/kernel/libkernel.a(sched.c.obj)
                0x00000000                z_thread_timeout

.text.z_pend_curr
                0x00000000       0x41
 .text.z_pend_curr
                0x00000000       0x41 zephyr/kernel/libkernel.a(sched.c.obj)
                0x00000000                z_pend_curr

.text.z_unpend_first_thread
                0x00000000       0x4d
 .text.z_unpend_first_thread
                0x00000000       0x4d zephyr/kernel/libkernel.a(sched.c.obj)
                0x00000000                z_unpend_first_thread

.text.z_reschedule
                0x00000000       0x32
 .text.z_reschedule
                0x00000000       0x32 zephyr/kernel/libkernel.a(sched.c.obj)
                0x00000000                z_reschedule

.text.z_sched_start
                0x00000000       0x48
 .text.z_sched_start
                0x00000000       0x48 zephyr/kernel/libkernel.a(sched.c.obj)
                0x00000000                z_sched_start

.text.z_reschedule_irqlock
                0x00000000       0x1f
 .text.z_reschedule_irqlock
                0x00000000       0x1f zephyr/kernel/libkernel.a(sched.c.obj)
                0x00000000                z_reschedule_irqlock

.text.z_reschedule_unlocked
                0x00000000       0x19
 .text.z_reschedule_unlocked
                0x00000000       0x19 zephyr/kernel/libkernel.a(sched.c.obj)

.text.z_impl_k_thread_suspend
                0x00000000       0x6c
 .text.z_impl_k_thread_suspend
                0x00000000       0x6c zephyr/kernel/libkernel.a(sched.c.obj)
                0x00000000                z_impl_k_thread_suspend

.text.k_sched_lock
                0x00000000       0x22
 .text.k_sched_lock
                0x00000000       0x22 zephyr/kernel/libkernel.a(sched.c.obj)
                0x00000000                k_sched_lock

.text.k_sched_unlock
                0x00000000       0x30
 .text.k_sched_unlock
                0x00000000       0x30 zephyr/kernel/libkernel.a(sched.c.obj)
                0x00000000                k_sched_unlock

.text.z_sched_init
                0x00000000       0x15
 .text.z_sched_init
                0x00000000       0x15 zephyr/kernel/libkernel.a(sched.c.obj)
                0x00000000                z_sched_init

.text.z_impl_k_yield
                0x00000000       0x96
 .text.z_impl_k_yield
                0x00000000       0x96 zephyr/kernel/libkernel.a(sched.c.obj)
                0x00000000                z_impl_k_yield

.text.z_tick_sleep
                0x00000000       0x99
 .text.z_tick_sleep
                0x00000000       0x99 zephyr/kernel/libkernel.a(sched.c.obj)

.text.z_impl_k_sleep
                0x00000000       0x36
 .text.z_impl_k_sleep
                0x00000000       0x36 zephyr/kernel/libkernel.a(sched.c.obj)
                0x00000000                z_impl_k_sleep

.text.z_impl_k_sched_current_thread_query
                0x00000000        0x6
 .text.z_impl_k_sched_current_thread_query
                0x00000000        0x6 zephyr/kernel/libkernel.a(sched.c.obj)
                0x00000000                z_impl_k_sched_current_thread_query

.text.z_thread_abort
                0x00000000       0xfd
 .text.z_thread_abort
                0x00000000       0xfd zephyr/kernel/libkernel.a(sched.c.obj)
                0x00000000                z_thread_abort

.text.z_sched_wake
                0x00000000       0x66
 .text.z_sched_wake
                0x00000000       0x66 zephyr/kernel/libkernel.a(sched.c.obj)
                0x00000000                z_sched_wake

.text.z_sched_wait
                0x00000000       0x35
 .text.z_sched_wait
                0x00000000       0x35 zephyr/kernel/libkernel.a(sched.c.obj)
                0x00000000                z_sched_wait

.text.elapsed   0x00000000       0x11
 .text.elapsed  0x00000000       0x11 zephyr/kernel/libkernel.a(timeout.c.obj)

.text.next_timeout
                0x00000000       0x57
 .text.next_timeout
                0x00000000       0x57 zephyr/kernel/libkernel.a(timeout.c.obj)

.text.remove_timeout
                0x00000000       0x37
 .text.remove_timeout
                0x00000000       0x37 zephyr/kernel/libkernel.a(timeout.c.obj)

.text.z_add_timeout
                0x00000000      0x141
 .text.z_add_timeout
                0x00000000      0x141 zephyr/kernel/libkernel.a(timeout.c.obj)
                0x00000000                z_add_timeout

.text.z_abort_timeout
                0x00000000       0x35
 .text.z_abort_timeout
                0x00000000       0x35 zephyr/kernel/libkernel.a(timeout.c.obj)
                0x00000000                z_abort_timeout

.text.sys_clock_announce
                0x00000000       0xfa
 .text.sys_clock_announce
                0x00000000       0xfa zephyr/kernel/libkernel.a(timeout.c.obj)
                0x00000000                sys_clock_announce

.text.sys_clock_tick_get
                0x00000000       0x40
 .text.sys_clock_tick_get
                0x00000000       0x40 zephyr/kernel/libkernel.a(timeout.c.obj)
                0x00000000                sys_clock_tick_get

.text.sys_clock_tick_get_32
                0x00000000        0xd
 .text.sys_clock_tick_get_32
                0x00000000        0xd zephyr/kernel/libkernel.a(timeout.c.obj)
                0x00000000                sys_clock_tick_get_32

.text.z_impl_k_uptime_ticks
                0x00000000        0x5
 .text.z_impl_k_uptime_ticks
                0x00000000        0x5 zephyr/kernel/libkernel.a(timeout.c.obj)
                0x00000000                z_impl_k_uptime_ticks

.text.boot_banner
                0x00000000       0x15
 .text.boot_banner
                0x00000000       0x15 zephyr/kernel/libkernel.a(banner.c.obj)
                0x00000000                boot_banner

.text.k_sys_work_q_init
                0x00000000       0x4e
 .text.k_sys_work_q_init
                0x00000000       0x4e zephyr/kernel/libkernel.a(system_work_q.c.obj)

.fini
 *(SORT_NONE(.fini))

.rodata
 *(SORT_BY_ALIGNMENT(.rodata))

.rodata.main.str1.1
                0x00000000       0x28
 .rodata.main.str1.1
                0x00000000       0x28 app/libapp.a(main.c.obj)

.rodata.button_init.str1.1
                0x00000000       0x12
 .rodata.button_init.str1.1
                0x00000000       0x12 app/libapp.a(button.c.obj)

.rodata.z_thread_entry.str1.1
                0x00000000       0x4e
 .rodata.z_thread_entry.str1.1
                0x00000000       0x4e zephyr/libzephyr.a(thread_entry.c.obj)

.rodata.z_cbvprintf_impl.str1.1
                0x00000000        0x6
 .rodata.z_cbvprintf_impl.str1.1
                0x00000000        0x6 zephyr/libzephyr.a(cbprintf_complete.c.obj)

.rodata.z_cbvprintf_impl
                0x00000000       0xc0
 .rodata.z_cbvprintf_impl
                0x00000000       0xc0 zephyr/libzephyr.a(cbprintf_complete.c.obj)

.rodata.arch_system_halt.str1.1
                0x00000000       0x6c
 .rodata.arch_system_halt.str1.1
                0x00000000       0x6c zephyr/arch/arch/posix/core/libarch__posix__core.a(fatal.c.obj)

.rodata.z_impl_k_thread_abort.str1.1
                0x00000000       0x77
 .rodata.z_impl_k_thread_abort.str1.1
                0x00000000       0x77 zephyr/arch/arch/posix/core/libarch__posix__core.a(thread.c.obj)

.rodata.native_pre_tasks.0
                0x00000000       0x18
 .rodata.native_pre_tasks.0
                0x00000000       0x18 zephyr/soc/soc/posix/inf_clock/libsoc__posix__inf_clock.a(native_tasks.c.obj)

.rodata.posix_irq_handler.str1.1
                0x00000000       0x2e
 .rodata.posix_irq_handler.str1.1
                0x00000000       0x2e zephyr/boards/posix/native_sim/libboards__posix__native_sim.a(irq_handler.c.obj)

.rodata.str1.1  0x00000000      0x113
 .rodata.str1.1
                0x00000000       0x35 zephyr/boards/posix/native_sim/libboards__posix__native_sim.a(irq_handler.c.obj)
 .rodata.str1.1
                0x00000035        0x9 zephyr/drivers/gpio/libdrivers__gpio.a(gpio_emul.c.obj)
 .rodata.str1.1
                0x0000003e       0xd5 zephyr/drivers/serial/libdrivers__serial.a(uart_native_ptty.c.obj)

.rodata.__func__.1
                0x00000000       0x1d
 .rodata.__func__.1
                0x00000000       0x1d zephyr/boards/posix/native_sim/libboards__posix__native_sim.a(irq_handler.c.obj)

.rodata.print_char.str1.1
                0x00000000        0x4
 .rodata.print_char.str1.1
                0x00000000        0x4 zephyr/drivers/console/libdrivers__console.a(posix_arch_console.c.obj)

.rodata.gpio_emul_config_0
                0x00000000        0xc
 .rodata.gpio_emul_config_0
                0x00000000        0xc zephyr/drivers/gpio/libdrivers__gpio.a(gpio_emul.c.obj)

.rodata.gpio_emul_driver
                0x00000000       0x24
 .rodata.gpio_emul_driver
                0x00000000       0x24 zephyr/drivers/gpio/libdrivers__gpio.a(gpio_emul.c.obj)

.rodata.z_cstart.str1.1
                0x00000000       0x4b
 .rodata.z_cstart.str1.1
                0x00000000       0x4b zephyr/kernel/libkernel.a(init.c.obj)

.rodata.levels.0
                0x00000000       0x18
 .rodata.levels.0
                0x00000000       0x18 zephyr/kernel/libkernel.a(init.c.obj)

.rodata.z_thread_abort.str1.1
                0x00000000       0x2b
 .rodata.z_thread_abort.str1.1
                0x00000000       0x2b zephyr/kernel/libkernel.a(sched.c.obj)

.rodata.boot_banner.str1.1
                0x00000000       0x2f
 .rodata.boot_banner.str1.1
                0x00000000       0x2f zephyr/kernel/libkernel.a(banner.c.obj)

.rodata.k_sys_work_q_init.str1.1
                0x00000000        0x9
 .rodata.k_sys_work_q_init.str1.1
                0x00000000        0x9 zephyr/kernel/libkernel.a(system_work_q.c.obj)

.rodata1
 *(SORT_BY_ALIGNMENT(.rodata1))

.eh_frame_hdr
 *(SORT_BY_ALIGNMENT(.eh_frame_hdr))

.eh_frame
 *(SORT_BY_ALIGNMENT(.eh_frame))

.sframe
 *(SORT_BY_ALIGNMENT(.sframe))

.gcc_except_table
 *(SORT_BY_ALIGNMENT(.gcc_except_table))

.gnu_extab
 *(SORT_BY_ALIGNMENT(.gnu_extab*))

.exception_ranges
 *(SORT_BY_ALIGNMENT(.exception_ranges))

.eh_frame
 *(SORT_BY_ALIGNMENT(.eh_frame))

.sframe
 *(SORT_BY_ALIGNMENT(.sframe))

.gnu_extab
 *(SORT_BY_ALIGNMENT(.gnu_extab))

.gcc_except_table
 *(SORT_BY_ALIGNMENT(.gcc_except_table))

.exception_ranges
 *(SORT_BY_ALIGNMENT(.exception_ranges))

.tdata
 *(SORT_BY_ALIGNMENT(.tdata))

.tbss
 *(SORT_BY_ALIGNMENT(.tbss))

.jcr
 *(SORT_BY_ALIGNMENT(.jcr))

.dynamic
 *(SORT_BY_ALIGNMENT(.dynamic))

.got
 *(SORT_BY_ALIGNMENT(.got))

.got.plt
 *(SORT_BY_ALIGNMENT(.got.plt))

.data
 *(SORT_BY_ALIGNMENT(.data))
LOAD zephyr/CMakeFiles/zephyr_pre0.dir/misc/empty_file.c.obj
LOAD zephyr/CMakeFiles/offsets.dir/./arch/posix/core/offsets/offsets.c.obj
LOAD app/libapp.a
LOAD zephyr/libzephyr.a
LOAD zephyr/arch/arch/posix/core/libarch__posix__core.a
LOAD zephyr/soc/soc/posix/inf_clock/libsoc__posix__inf_clock.a
LOAD zephyr/boards/posix/native_sim/libboards__posix__native_sim.a
LOAD zephyr/drivers/console/libdrivers__console.a
LOAD zephyr/drivers/gpio/libdrivers__gpio.a
LOAD zephyr/drivers/serial/libdrivers__serial.a
LOAD zephyr/drivers/timer/libdrivers__timer.a
LOAD zephyr/kernel/libkernel.a

.data._char_out
                0x00000000        0x4
 .data._char_out
                0x00000000        0x4 zephyr/libzephyr.a(printk.c.obj)
                0x00000000                _char_out

.data.currently_running_irq
                0x00000000        0x4
 .data.currently_running_irq
                0x00000000        0x4 zephyr/boards/posix/native_sim/libboards__posix__native_sim.a(irq_handler.c.obj)

.data.gpio_emul_data_0
                0x00000000       0x20
 .data.gpio_emul_data_0
                0x00000000       0x20 zephyr/drivers/gpio/libdrivers__gpio.a(gpio_emul.c.obj)

.data.uart_options.0
                0x00000000       0x54
 .data.uart_options.0
                0x00000000       0x54 zephyr/drivers/serial/libdrivers__serial.a(uart_native_ptty.c.obj)

.data.np_uart_driver_api_0
                0x00000000       0x14
 .data.np_uart_driver_api_0
                0x00000000       0x14 zephyr/drivers/serial/libdrivers__serial.a(uart_native_ptty.c.obj)

.data.auto_attach_cmd
                0x00000000        0x4
 .data.auto_attach_cmd
                0x00000000        0x4 zephyr/drivers/serial/libdrivers__serial.a(uart_native_ptty.c.obj)

.data.timeout_list
                0x00000000        0x8
 .data.timeout_list
                0x00000000        0x8 zephyr/kernel/libkernel.a(timeout.c.obj)

rom_start

initlevel       0x00000008       0x30
                0x00000008                        __init_start = .
                0x00000008                        __init_EARLY_start = .
 *(SORT_BY_NAME(SORT_BY_ALIGNMENT(.z_init_EARLY?_*)))
 *(SORT_BY_NAME(SORT_BY_ALIGNMENT(.z_init_EARLY??_*)))
                0x00000008                        __init_PRE_KERNEL_1_start = .
 *(SORT_BY_NAME(SORT_BY_ALIGNMENT(.z_init_PRE_KERNEL_1?_*)))
 *(SORT_BY_NAME(SORT_BY_ALIGNMENT(.z_init_PRE_KERNEL_1??_*)))
 .z_init_PRE_KERNEL_150_00016_
                0x00000008        0x8 zephyr/drivers/serial/libdrivers__serial.a(uart_native_ptty.c.obj)
 .z_init_PRE_KERNEL_160_0_
                0x00000010        0x8 zephyr/drivers/console/libdrivers__console.a(uart_console.c.obj)
 .z_init_PRE_KERNEL_199_0_
                0x00000018        0x8 zephyr/drivers/console/libdrivers__console.a(posix_arch_console.c.obj)
                0x00000020                        __init_PRE_KERNEL_2_start = .
 *(SORT_BY_NAME(SORT_BY_ALIGNMENT(.z_init_PRE_KERNEL_2?_*)))
 .z_init_PRE_KERNEL_20_0_
                0x00000020        0x8 zephyr/drivers/timer/libdrivers__timer.a(native_posix_timer.c.obj)
 *(SORT_BY_NAME(SORT_BY_ALIGNMENT(.z_init_PRE_KERNEL_2??_*)))
                0x00000028                        __init_POST_KERNEL_start = .
 *(SORT_BY_NAME(SORT_BY_ALIGNMENT(.z_init_POST_KERNEL?_*)))
 *(SORT_BY_NAME(SORT_BY_ALIGNMENT(.z_init_POST_KERNEL??_*)))
 .z_init_POST_KERNEL40_00020_
                0x00000028        0x8 zephyr/drivers/gpio/libdrivers__gpio.a(gpio_emul.c.obj)
 .z_init_POST_KERNEL40_0_
                0x00000030        0x8 zephyr/kernel/libkernel.a(system_work_q.c.obj)
                0x00000038                        __init_APPLICATION_start = .
 *(SORT_BY_NAME(SORT_BY_ALIGNMENT(.z_init_APPLICATION?_*)))
 *(SORT_BY_NAME(SORT_BY_ALIGNMENT(.z_init_APPLICATION??_*)))
                0x00000038                        __init_SMP_start = .
 *(SORT_BY_NAME(SORT_BY_ALIGNMENT(.z_init_SMP?_*)))
 *(SORT_BY_NAME(SORT_BY_ALIGNMENT(.z_init_SMP??_*)))
                0x00000038                        __init_end = .

device_area     0x00000038       0x28
                0x00000038                        _device_list_start = .
 *(SORT_BY_NAME(SORT_BY_ALIGNMENT(._device.static.*_?_*)))
 *(SORT_BY_NAME(SORT_BY_ALIGNMENT(._device.static.*_??_*)))
 ._device.static.1_50_
                0x00000038       0x14 zephyr/drivers/serial/libdrivers__serial.a(uart_native_ptty.c.obj)
                0x00000038                __device_dts_ord_16
 ._device.static.3_40_
                0x0000004c       0x14 zephyr/drivers/gpio/libdrivers__gpio.a(gpio_emul.c.obj)
                0x0000004c                __device_dts_ord_20
                0x00000060                        _device_list_end = .

initlevel_error
 *(SORT_BY_NAME(SORT_BY_ALIGNMENT(.z_init_[_A-Z0-9]*)))
                0x00000001                        ASSERT ((SIZEOF (initlevel_error) == 0x0), Undefined initialization levels used.)

app_shmem_regions
                0x00000060        0x0
                0x00000060                        __app_shmem_regions_start = .
 *(SORT_BY_NAME(SORT_BY_ALIGNMENT(.app_regions.*)))
                0x00000060                        __app_shmem_regions_end = .

k_p4wq_initparam_area
                0x00000060        0x0
                0x00000060                        _k_p4wq_initparam_list_start = .
 *(SORT_BY_NAME(SORT_BY_ALIGNMENT(._k_p4wq_initparam.static.*)))
                0x00000060                        _k_p4wq_initparam_list_end = .

_static_thread_data_area
                0x00000060        0x0
                0x00000060                        __static_thread_data_list_start = .
 *(SORT_BY_NAME(SORT_BY_ALIGNMENT(.__static_thread_data.static.*)))
                0x00000060                        __static_thread_data_list_end = .

device_deps     0x00000060        0x0
                0x00000060                        __device_deps_start = .
 *(SORT_BY_NAME(SORT_BY_ALIGNMENT(.__device_deps_pass2*)))
                0x00000060                        __device_deps_end = .

ztest           0x00000060        0x0
                0x00000060                        _ztest_expected_result_entry_list_start = .
 *(SORT_BY_NAME(SORT_BY_ALIGNMENT(._ztest_expected_result_entry.static.*)))
                0x00000060                        _ztest_expected_result_entry_list_end = .
                0x00000060                        _ztest_suite_node_list_start = .
 *(SORT_BY_NAME(SORT_BY_ALIGNMENT(._ztest_suite_node.static.*)))
                0x00000060                        _ztest_suite_node_list_end = .
                0x00000060                        _ztest_unit_test_list_start = .
 *(SORT_BY_NAME(SORT_BY_ALIGNMENT(._ztest_unit_test.static.*)))
                0x00000060                        _ztest_unit_test_list_end = .
                0x00000060                        _ztest_test_rule_list_start = .
 *(SORT_BY_NAME(SORT_BY_ALIGNMENT(._ztest_test_rule.static.*)))
                0x00000060                        _ztest_test_rule_list_end = .

bt_l2cap_fixed_chan_area
                0x00000060        0x0
                0x00000060                        _bt_l2cap_fixed_chan_list_start = .
 *(SORT_BY_NAME(SORT_BY_ALIGNMENT(._bt_l2cap_fixed_chan.static.*)))
                0x00000060                        _bt_l2cap_fixed_chan_list_end = .

bt_gatt_service_static_area
                0x00000060        0x0
                0x00000060                        _bt_gatt_service_static_list_start = .
 *(SORT_BY_NAME(SORT_BY_ALIGNMENT(._bt_gatt_service_static.static.*)))
                0x00000060                        _bt_gatt_service_static_list_end = .

log_strings_area
                0x00000060        0x0
                0x00000060                        _log_strings_list_start = .
 *(SORT_BY_NAME(SORT_BY_ALIGNMENT(._log_strings.static.*)))
                0x00000060                        _log_strings_list_end = .

log_const_area  0x00000060        0x0
                0x00000060                        _log_const_list_start = .
 *(SORT_BY_NAME(SORT_BY_ALIGNMENT(._log_const.static.*)))
                0x00000060                        _log_const_list_end = .

log_backend_area
                0x00000060        0x0
                0x00000060                        _log_backend_list_start = .
 *(SORT_BY_NAME(SORT_BY_ALIGNMENT(._log_backend.static.*)))
                0x00000060                        _log_backend_list_end = .

log_link_area   0x00000060        0x0
                0x00000060                        _log_link_list_start = .
 *(SORT_BY_NAME(SORT_BY_ALIGNMENT(._log_link.static.*)))
                0x00000060                        _log_link_list_end = .

tracing_backend_area
                0x00000060        0x0
                0x00000060                        _tracing_backend_list_start = .
 *(SORT_BY_NAME(SORT_BY_ALIGNMENT(._tracing_backend.static.*)))
                0x00000060                        _tracing_backend_list_end = .

zephyr_dbg_info
 *(SORT_BY_ALIGNMENT(.dbg_thread_info))

symbol_to_keep  0x00000060        0x0
                0x00000060                        __symbol_to_keep_start = .
 *(SORT_BY_NAME(SORT_BY_ALIGNMENT(.symbol_to_keep*)))
                0x00000060                        __symbol_to_keep_end = .

shell_area      0x00000060        0x0
                0x00000060                        _shell_list_start = .
 *(SORT_BY_NAME(SORT_BY_ALIGNMENT(._shell.static.*)))
                0x00000060                        _shell_list_end = .

shell_root_cmds_area
                0x00000060        0x0
                0x00000060                        _shell_root_cmds_list_start = .
 *(SORT_BY_NAME(SORT_BY_ALIGNMENT(._shell_root_cmds.static.*)))
                0x00000060                        _shell_root_cmds_list_end = .

shell_subcmds_area
                0x00000060        0x0
                0x00000060                        _shell_subcmds_list_start = .
 *(SORT_BY_NAME(SORT_BY_ALIGNMENT(._shell_subcmds.static.*)))
                0x00000060                        _shell_subcmds_list_end = .

shell_dynamic_subcmds_area
                0x00000060        0x0
                0x00000060                        _shell_dynamic_subcmds_list_start = .
 *(SORT_BY_NAME(SORT_BY_ALIGNMENT(._shell_dynamic_subcmds.static.*)))
                0x00000060                        _shell_dynamic_subcmds_list_end = .

cfb_font_area   0x00000060        0x0
                0x00000060                        _cfb_font_list_start = .
 *(SORT_BY_NAME(SORT_BY_ALIGNMENT(._cfb_font.static.*)))
                0x00000060                        _cfb_font_list_end = .

rodata

datas

device_states   0x00000060        0x4
                0x00000060                        __device_states_start = .
 *(SORT_BY_ALIGNMENT(.z_devstate))
 .z_devstate    0x00000060        0x2 zephyr/drivers/gpio/libdrivers__gpio.a(gpio_emul.c.obj)
 .z_devstate    0x00000062        0x2 zephyr/drivers/serial/libdrivers__serial.a(uart_native_ptty.c.obj)
 *(SORT_BY_ALIGNMENT(.z_devstate.*))
                0x00000064                        __device_states_end = .

log_mpsc_pbuf_area
                0x00000064        0x0
                0x00000064                        _log_mpsc_pbuf_list_start = .
 *(SORT_BY_NAME(SORT_BY_ALIGNMENT(._log_mpsc_pbuf.static.*)))
                0x00000064                        _log_mpsc_pbuf_list_end = .

log_msg_ptr_area
                0x00000064        0x0
                0x00000064                        _log_msg_ptr_list_start = .
 *(SORT_BY_NAME(SORT_BY_ALIGNMENT(._log_msg_ptr.static.*)))
                0x00000064                        _log_msg_ptr_list_end = .

log_dynamic_area
                0x00000064        0x0
                0x00000064                        _log_dynamic_list_start = .
 *(SORT_BY_NAME(SORT_BY_ALIGNMENT(._log_dynamic.static.*)))
                0x00000064                        _log_dynamic_list_end = .

k_timer_area    0x00000064        0x0
                0x00000064                        _k_timer_list_start = .
 *(SORT_BY_NAME(SORT_BY_ALIGNMENT(._k_timer.static.*)))
                0x00000064                        _k_timer_list_end = .

k_mem_slab_area
                0x00000064        0x0
                0x00000064                        _k_mem_slab_list_start = .
 *(SORT_BY_NAME(SORT_BY_ALIGNMENT(._k_mem_slab.static.*)))
                0x00000064                        _k_mem_slab_list_end = .

k_heap_area     0x00000064        0x0
                0x00000064                        _k_heap_list_start = .
 *(SORT_BY_NAME(SORT_BY_ALIGNMENT(._k_heap.static.*)))
                0x00000064                        _k_heap_list_end = .

k_mutex_area    0x00000064        0x0
                0x00000064                        _k_mutex_list_start = .
 *(SORT_BY_NAME(SORT_BY_ALIGNMENT(._k_mutex.static.*)))
                0x00000064                        _k_mutex_list_end = .

k_stack_area    0x00000064        0x0
                0x00000064                        _k_stack_list_start = .
 *(SORT_BY_NAME(SORT_BY_ALIGNMENT(._k_stack.static.*)))
                0x00000064                        _k_stack_list_end = .

k_msgq_area     0x00000064        0x0
                0x00000064                        _k_msgq_list_start = .
 *(SORT_BY_NAME(SORT_BY_ALIGNMENT(._k_msgq.static.*)))
                0x00000064                        _k_msgq_list_end = .

k_mbox_area     0x00000064        0x0
                0x00000064                        _k_mbox_list_start = .
 *(SORT_BY_NAME(SORT_BY_ALIGNMENT(._k_mbox.static.*)))
                0x00000064                        _k_mbox_list_end = .

k_pipe_area     0x00000064        0x0
                0x00000064                        _k_pipe_list_start = .
 *(SORT_BY_NAME(SORT_BY_ALIGNMENT(._k_pipe.static.*)))
                0x00000064                        _k_pipe_list_end = .

k_sem_area      0x00000064        0x0
                0x00000064                        _k_sem_list_start = .
 *(SORT_BY_NAME(SORT_BY_ALIGNMENT(._k_sem.static.*)))
                0x00000064                        _k_sem_list_end = .

k_event_area    0x00000064        0x0
                0x00000064                        _k_event_list_start = .
 *(SORT_BY_NAME(SORT_BY_ALIGNMENT(._k_event.static.*)))
                0x00000064                        _k_event_list_end = .

k_queue_area    0x00000064        0x0
                0x00000064                        _k_queue_list_start = .
 *(SORT_BY_NAME(SORT_BY_ALIGNMENT(._k_queue.static.*)))
                0x00000064                        _k_queue_list_end = .

k_fifo_area     0x00000064        0x0
                0x00000064                        _k_fifo_list_start = .
 *(SORT_BY_NAME(SORT_BY_ALIGNMENT(._k_fifo.static.*)))
                0x00000064                        _k_fifo_list_end = .

k_lifo_area     0x00000064        0x0
                0x00000064                        _k_lifo_list_start = .
 *(SORT_BY_NAME(SORT_BY_ALIGNMENT(._k_lifo.static.*)))
                0x00000064                        _k_lifo_list_end = .

k_condvar_area  0x00000064        0x0
                0x00000064                        _k_condvar_list_start = .
 *(SORT_BY_NAME(SORT_BY_ALIGNMENT(._k_condvar.static.*)))
                0x00000064                        _k_condvar_list_end = .

sys_mem_blocks_ptr_area
                0x00000064        0x0
                0x00000064                        _sys_mem_blocks_ptr_list_start = .
 *(SORT_BY_NAME(SORT_BY_ALIGNMENT(._sys_mem_blocks_ptr.static.*)))
                0x00000064                        _sys_mem_blocks_ptr_list_end = .

net_buf_pool_area
                0x00000064        0x0
                0x00000064                        _net_buf_pool_list_start = .
 *(SORT_BY_NAME(SORT_BY_ALIGNMENT(._net_buf_pool.static.*)))
                0x00000064                        _net_buf_pool_list_end = .

native_pre_tasks
                0x00000064        0xc
                0x00000064                        __native_tasks_start = .
                0x00000064                        __native_PRE_BOOT_1_tasks_start = .
 *(SORT_BY_NAME(SORT_BY_ALIGNMENT(.native_PRE_BOOT_1[0-9]_task)))
 .native_PRE_BOOT_10_task
                0x00000064        0x4 zephyr/boards/posix/native_sim/libboards__posix__native_sim.a(misc.c.obj)
 *(SORT_BY_NAME(SORT_BY_ALIGNMENT(.native_PRE_BOOT_1[1-9][0-9]_task)))
 .native_PRE_BOOT_111_task
                0x00000068        0x4 zephyr/drivers/serial/libdrivers__serial.a(uart_native_ptty.c.obj)
 *(SORT_BY_NAME(SORT_BY_ALIGNMENT(.native_PRE_BOOT_1[1-9][0-9][0-9]_task)))
                0x0000006c                        __native_PRE_BOOT_2_tasks_start = .
 *(SORT_BY_NAME(SORT_BY_ALIGNMENT(.native_PRE_BOOT_2[0-9]_task)))
 *(SORT_BY_NAME(SORT_BY_ALIGNMENT(.native_PRE_BOOT_2[1-9][0-9]_task)))
 *(SORT_BY_NAME(SORT_BY_ALIGNMENT(.native_PRE_BOOT_2[1-9][0-9][0-9]_task)))
                0x0000006c                        __native_PRE_BOOT_3_tasks_start = .
 *(SORT_BY_NAME(SORT_BY_ALIGNMENT(.native_PRE_BOOT_3[0-9]_task)))
 *(SORT_BY_NAME(SORT_BY_ALIGNMENT(.native_PRE_BOOT_3[1-9][0-9]_task)))
 *(SORT_BY_NAME(SORT_BY_ALIGNMENT(.native_PRE_BOOT_3[1-9][0-9][0-9]_task)))
                0x0000006c                        __native_FIRST_SLEEP_tasks_start = .
 *(SORT_BY_NAME(SORT_BY_ALIGNMENT(.native_FIRST_SLEEP[0-9]_task)))
 *(SORT_BY_NAME(SORT_BY_ALIGNMENT(.native_FIRST_SLEEP[1-9][0-9]_task)))
 *(SORT_BY_NAME(SORT_BY_ALIGNMENT(.native_FIRST_SLEEP[1-9][0-9][0-9]_task)))
                0x0000006c                        __native_ON_EXIT_tasks_start = .
 *(SORT_BY_NAME(SORT_BY_ALIGNMENT(.native_ON_EXIT[0-9]_task)))
 *(SORT_BY_NAME(SORT_BY_ALIGNMENT(.native_ON_EXIT[1-9][0-9]_task)))
 .native_ON_EXIT99_task
                0x0000006c        0x4 zephyr/drivers/serial/libdrivers__serial.a(uart_native_ptty.c.obj)
 *(SORT_BY_NAME(SORT_BY_ALIGNMENT(.native_ON_EXIT[1-9][0-9][0-9]_task)))
                0x00000070                        __native_tasks_end = .

.native_sim_if  0x00000070       0x8f
 *(SORT_BY_ALIGNMENT(.native_sim_if))
 .native_sim_if
                0x00000070       0x5c zephyr/boards/posix/native_sim/libboards__posix__native_sim.a(nsi_if.c.obj)
                0x00000070                nsif_cpu0_pre_cmdline_hooks
                0x00000082                nsif_cpu0_pre_hw_init_hooks
                0x00000094                nsif_cpu0_boot
                0x000000b8                nsif_cpu0_cleanup
                0x000000c7                nsif_cpu0_irq_raised
 .native_sim_if
                0x000000cc       0x33 zephyr/boards/posix/native_sim/libboards__posix__native_sim.a(irq_handler.c.obj)
                0x000000cc                nsif_cpu0_irq_raised_from_sw
 *(SORT_BY_ALIGNMENT(.native_sim_if.*))
                0x000000ff                        __data_region_end = .

noinit

.data1
 *(SORT_BY_ALIGNMENT(.data1))

.bss
 *(SORT_BY_ALIGNMENT(.bss))

.bss.long_press_handled
                0x00000000        0x4
 .bss.long_press_handled
                0x00000000        0x4 app/libapp.a(button.c.obj)

.bss.click_count
                0x00000000        0x4
 .bss.click_count
                0x00000000        0x4 app/libapp.a(button.c.obj)

.bss.release_time
                0x00000000        0x4
 .bss.release_time
                0x00000000        0x4 app/libapp.a(button.c.obj)

.bss.press_time
                0x00000000        0x4
 .bss.press_time
                0x00000000        0x4 app/libapp.a(button.c.obj)

.bss.last_state
                0x00000000        0x4
 .bss.last_state
                0x00000000        0x4 app/libapp.a(button.c.obj)

.bss.button_work
                0x00000000       0x28
 .bss.button_work
                0x00000000       0x28 app/libapp.a(button.c.obj)

.bss.button_cb_data
                0x00000000        0xc
 .bss.button_cb_data
                0x00000000        0xc app/libapp.a(button.c.obj)

.bss.te_state   0x00000000        0x4
 .bss.te_state  0x00000000        0x4 zephyr/arch/arch/posix/core/libarch__posix__core.a(posix_core_nsi.c.obj)

.bss.nce_st     0x00000000        0x4
 .bss.nce_st    0x00000000        0x4 zephyr/soc/soc/posix/inf_clock/libsoc__posix__inf_clock.a(soc.c.obj)

.bss.may_swap.0
                0x00000000        0x4
 .bss.may_swap.0
                0x00000000        0x4 zephyr/boards/posix/native_sim/libboards__posix__native_sim.a(irq_handler.c.obj)

.bss.irq_vector_table
                0x00000000      0x200
 .bss.irq_vector_table
                0x00000000      0x200 zephyr/boards/posix/native_sim/libboards__posix__native_sim.a(irq_handler.c.obj)

.bss.n_pend     0x00000000        0x4
 .bss.n_pend    0x00000000        0x4 zephyr/drivers/console/libdrivers__console.a(posix_arch_console.c.obj)

.bss.stdout_buff
                0x00000000      0x100
 .bss.stdout_buff
                0x00000000      0x100 zephyr/drivers/console/libdrivers__console.a(posix_arch_console.c.obj)

.bss.gpio_emul_flags_0
                0x00000000       0x80
 .bss.gpio_emul_flags_0
                0x00000000       0x80 zephyr/drivers/gpio/libdrivers__gpio.a(gpio_emul.c.obj)

.bss.native_uart_status_0
                0x00000000        0x8
 .bss.native_uart_status_0
                0x00000000        0x8 zephyr/drivers/serial/libdrivers__serial.a(uart_native_ptty.c.obj)

.bss.auto_attach
                0x00000000        0x1
 .bss.auto_attach
                0x00000000        0x1 zephyr/drivers/serial/libdrivers__serial.a(uart_native_ptty.c.obj)

.bss.last_tick_time
                0x00000000        0x8
 .bss.last_tick_time
                0x00000000        0x8 zephyr/drivers/timer/libdrivers__timer.a(native_posix_timer.c.obj)

.bss.tick_period
                0x00000000        0x8
 .bss.tick_period
                0x00000000        0x8 zephyr/drivers/timer/libdrivers__timer.a(native_posix_timer.c.obj)

.bss.z_sys_post_kernel
                0x00000000        0x1
 .bss.z_sys_post_kernel
                0x00000000        0x1 zephyr/kernel/libkernel.a(init.c.obj)
                0x00000000                z_sys_post_kernel

.noinit."WEST_TOPDIR/zephyr/kernel/init.c".2
                0x00000000      0x800
 .noinit."WEST_TOPDIR/zephyr/kernel/init.c".2
                0x00000000      0x800 zephyr/kernel/libkernel.a(init.c.obj)
                0x00000000                z_interrupt_stacks

.noinit."WEST_TOPDIR/zephyr/kernel/init.c".1
                0x00000000      0x100
 .noinit."WEST_TOPDIR/zephyr/kernel/init.c".1
                0x00000000      0x100 zephyr/kernel/libkernel.a(init.c.obj)

.bss.z_idle_threads
                0x00000000       0x50
 .bss.z_idle_threads
                0x00000000       0x50 zephyr/kernel/libkernel.a(init.c.obj)
                0x00000000                z_idle_threads

.bss.z_main_thread
                0x00000000       0x50
 .bss.z_main_thread
                0x00000000       0x50 zephyr/kernel/libkernel.a(init.c.obj)
                0x00000000                z_main_thread

.noinit."WEST_TOPDIR/zephyr/kernel/init.c".0
                0x00000000      0x400
 .noinit."WEST_TOPDIR/zephyr/kernel/init.c".0
                0x00000000      0x400 zephyr/kernel/libkernel.a(init.c.obj)
                0x00000000                z_main_stack

.bss._cpus_active
                0x00000000        0x4
 .bss._cpus_active
                0x00000000        0x4 zephyr/kernel/libkernel.a(init.c.obj)
                0x00000000                _cpus_active

.bss._kernel    0x00000000       0x20
 .bss._kernel   0x00000000       0x20 zephyr/kernel/libkernel.a(init.c.obj)
                0x00000000                _kernel

.bss.lock       0x00000000        0x0
 .bss.lock      0x00000000        0x0 zephyr/kernel/libkernel.a(sem.c.obj)
 .bss.lock      0x00000000        0x0 zephyr/kernel/libkernel.a(work.c.obj)

.bss.pending_cancels
                0x00000000        0x8
 .bss.pending_cancels
                0x00000000        0x8 zephyr/kernel/libkernel.a(work.c.obj)

.bss.slice_expired
                0x00000000        0x1
 .bss.slice_expired
                0x00000000        0x1 zephyr/kernel/libkernel.a(sched.c.obj)

.bss.slice_timeouts
                0x00000000       0x14
 .bss.slice_timeouts
                0x00000000       0x14 zephyr/kernel/libkernel.a(sched.c.obj)

.bss.slice_max_prio
                0x00000000        0x4
 .bss.slice_max_prio
                0x00000000        0x4 zephyr/kernel/libkernel.a(sched.c.obj)

.bss.slice_ticks
                0x00000000        0x4
 .bss.slice_ticks
                0x00000000        0x4 zephyr/kernel/libkernel.a(sched.c.obj)

.bss.sched_spinlock
                0x00000000        0x0
 .bss.sched_spinlock
                0x00000000        0x0 zephyr/kernel/libkernel.a(sched.c.obj)
                0x00000000                sched_spinlock

.bss.announce_remaining
                0x00000000        0x4
 .bss.announce_remaining
                0x00000000        0x4 zephyr/kernel/libkernel.a(timeout.c.obj)

.bss.curr_tick  0x00000000        0x8
 .bss.curr_tick
                0x00000000        0x8 zephyr/kernel/libkernel.a(timeout.c.obj)

.bss.k_sys_work_q
                0x00000000       0x6c
 .bss.k_sys_work_q
                0x00000000       0x6c zephyr/kernel/libkernel.a(system_work_q.c.obj)
                0x00000000                k_sys_work_q

.noinit."WEST_TOPDIR/zephyr/kernel/system_work_q.c".0
                0x00000000      0x400
 .noinit."WEST_TOPDIR/zephyr/kernel/system_work_q.c".0
                0x00000000      0x400 zephyr/kernel/libkernel.a(system_work_q.c.obj)

.stab
 *(SORT_BY_ALIGNMENT(.stab))

.stabstr
 *(SORT_BY_ALIGNMENT(.stabstr))

.stab.excl
 *(SORT_BY_ALIGNMENT(.stab.excl))

.stab.exclstr
 *(SORT_BY_ALIGNMENT(.stab.exclstr))

.stab.index
 *(SORT_BY_ALIGNMENT(.stab.index))

.stab.indexstr
 *(SORT_BY_ALIGNMENT(.stab.indexstr))

.comment        0x00000000      0x6d4
 *(SORT_BY_ALIGNMENT(.comment))
 .comment       0x00000000       0x2e zephyr/CMakeFiles/offsets.dir/./arch/posix/core/offsets/offsets.c.obj
 .comment       0x0000002e       0x2e app/libapp.a(main.c.obj)
 .comment       0x0000005c       0x2e app/libapp.a(button.c.obj)
 .comment       0x0000008a       0x2e zephyr/libzephyr.a(printk.c.obj)
 .comment       0x000000b8       0x2e zephyr/libzephyr.a(thread_entry.c.obj)
 .comment       0x000000e6       0x2e zephyr/libzephyr.a(cbprintf_complete.c.obj)
 .comment       0x00000114       0x2e zephyr/libzephyr.a(assert.c.obj)
 .comment       0x00000142       0x2e zephyr/libzephyr.a(configs.c.obj)
 .comment       0x00000170       0x2e zephyr/libzephyr.a(tracing_none.c.obj)
 .comment       0x0000019e       0x2e zephyr/arch/arch/posix/core/libarch__posix__core.a(cpuhalt.c.obj)
 .comment       0x000001cc       0x2e zephyr/arch/arch/posix/core/libarch__posix__core.a(fatal.c.obj)
 .comment       0x000001fa       0x2e zephyr/arch/arch/posix/core/libarch__posix__core.a(irq.c.obj)
 .comment       0x00000228       0x2e zephyr/arch/arch/posix/core/libarch__posix__core.a(swap.c.obj)
 .comment       0x00000256       0x2e zephyr/arch/arch/posix/core/libarch__posix__core.a(thread.c.obj)
 .comment       0x00000284       0x2e zephyr/arch/arch/posix/core/libarch__posix__core.a(posix_core_nsi.c.obj)
 .comment       0x000002b2       0x2e zephyr/soc/soc/posix/inf_clock/libsoc__posix__inf_clock.a(soc.c.obj)
 .comment       0x000002e0       0x2e zephyr/soc/soc/posix/inf_clock/libsoc__posix__inf_clock.a(native_tasks.c.obj)
 .comment       0x0000030e       0x2e zephyr/boards/posix/native_sim/libboards__posix__native_sim.a(cmdline.c.obj)
 .comment       0x0000033c       0x2e zephyr/boards/posix/native_sim/libboards__posix__native_sim.a(nsi_if.c.obj)
 .comment       0x0000036a       0x2e zephyr/boards/posix/native_sim/libboards__posix__native_sim.a(irq_handler.c.obj)
 .comment       0x00000398       0x2e zephyr/boards/posix/native_sim/libboards__posix__native_sim.a(misc.c.obj)
 .comment       0x000003c6       0x2e zephyr/boards/posix/native_sim/libboards__posix__native_sim.a(posix_arch_if.c.obj)
 .comment       0x000003f4       0x2e zephyr/drivers/console/libdrivers__console.a(posix_arch_console.c.obj)
 .comment       0x00000422       0x2e zephyr/drivers/console/libdrivers__console.a(uart_console.c.obj)
 .comment       0x00000450       0x2e zephyr/drivers/gpio/libdrivers__gpio.a(gpio_emul.c.obj)
 .comment       0x0000047e       0x2e zephyr/drivers/serial/libdrivers__serial.a(uart_native_ptty.c.obj)
 .comment       0x000004ac       0x2e zephyr/drivers/timer/libdrivers__timer.a(native_posix_timer.c.obj)
 .comment       0x000004da       0x2e zephyr/kernel/libkernel.a(device.c.obj)
 .comment       0x00000508       0x2e zephyr/kernel/libkernel.a(fatal.c.obj)
 .comment       0x00000536       0x2e zephyr/kernel/libkernel.a(init.c.obj)
 .comment       0x00000564       0x2e zephyr/kernel/libkernel.a(thread.c.obj)
 .comment       0x00000592       0x2e zephyr/kernel/libkernel.a(idle.c.obj)
 .comment       0x000005c0       0x2e zephyr/kernel/libkernel.a(sem.c.obj)
 .comment       0x000005ee       0x2e zephyr/kernel/libkernel.a(work.c.obj)
 .comment       0x0000061c       0x2e zephyr/kernel/libkernel.a(sched.c.obj)
 .comment       0x0000064a       0x2e zephyr/kernel/libkernel.a(timeout.c.obj)
 .comment       0x00000678       0x2e zephyr/kernel/libkernel.a(banner.c.obj)
 .comment       0x000006a6       0x2e zephyr/kernel/libkernel.a(system_work_q.c.obj)

.note.GNU-stack
                0x00000000        0x0
 .note.GNU-stack
                0x00000000        0x0 zephyr/CMakeFiles/offsets.dir/./arch/posix/core/offsets/offsets.c.obj
 .note.GNU-stack
                0x00000000        0x0 app/libapp.a(main.c.obj)
 .note.GNU-stack
                0x00000000        0x0 app/libapp.a(button.c.obj)
 .note.GNU-stack
                0x00000000        0x0 zephyr/libzephyr.a(printk.c.obj)
 .note.GNU-stack
                0x00000000        0x0 zephyr/libzephyr.a(thread_entry.c.obj)
 .note.GNU-stack
                0x00000000        0x0 zephyr/libzephyr.a(cbprintf_complete.c.obj)
 .note.GNU-stack
                0x00000000        0x0 zephyr/libzephyr.a(assert.c.obj)
 .note.GNU-stack
                0x00000000        0x0 zephyr/libzephyr.a(configs.c.obj)
 .note.GNU-stack
                0x00000000        0x0 zephyr/libzephyr.a(tracing_none.c.obj)
 .note.GNU-stack
                0x00000000        0x0 zephyr/arch/arch/posix/core/libarch__posix__core.a(cpuhalt.c.obj)
 .note.GNU-stack
                0x00000000        0x0 zephyr/arch/arch/posix/core/libarch__posix__core.a(fatal.c.obj)
 .note.GNU-stack
                0x00000000        0x0 zephyr/arch/arch/posix/core/libarch__posix__core.a(irq.c.obj)
 .note.GNU-stack
                0x00000000        0x0 zephyr/arch/arch/posix/core/libarch__posix__core.a(swap.c.obj)
 .note.GNU-stack
                0x00000000        0x0 zephyr/arch/arch/posix/core/libarch__posix__core.a(thread.c.obj)
 .note.GNU-stack
                0x00000000        0x0 zephyr/arch/arch/posix/core/libarch__posix__core.a(posix_core_nsi.c.obj)
 .note.GNU-stack
                0x00000000        0x0 zephyr/soc/soc/posix/inf_clock/libsoc__posix__inf_clock.a(soc.c.obj)
 .note.GNU-stack
                0x00000000        0x0 zephyr/soc/soc/posix/inf_clock/libsoc__posix__inf_clock.a(native_tasks.c.obj)
 .note.GNU-stack
                0x00000000        0x0 zephyr/boards/posix/native_sim/libboards__posix__native_sim.a(cmdline.c.obj)
 .note.GNU-stack
                0x00000000        0x0 zephyr/boards/posix/native_sim/libboards__posix__native_sim.a(nsi_if.c.obj)
 .note.GNU-stack
                0x00000000        0x0 zephyr/boards/posix/native_sim/libboards__posix__native_sim.a(irq_handler.c.obj)
 .note.GNU-stack
                0x00000000        0x0 zephyr/boards/posix/native_sim/libboards__posix__native_sim.a(misc.c.obj)
 .note.GNU-stack
                0x00000000        0x0 zephyr/boards/posix/native_sim/libboards__posix__native_sim.a(posix_arch_if.c.obj)
 .note.GNU-stack
                0x00000000        0x0 zephyr/drivers/console/libdrivers__console.a(posix_arch_console.c.obj)
 .note.GNU-stack
                0x00000000        0x0 zephyr/drivers/console/libdrivers__console.a(uart_console.c.obj)
 .note.GNU-stack
                0x00000000        0x0 zephyr/drivers/gpio/libdrivers__gpio.a(gpio_emul.c.obj)
 .note.GNU-stack
                0x00000000        0x0 zephyr/drivers/serial/libdrivers__serial.a(uart_native_ptty.c.obj)
 .note.GNU-stack
                0x00000000        0x0 zephyr/drivers/timer/libdrivers__timer.a(native_posix_timer.c.obj)
 .note.GNU-stack
                0x00000000        0x0 zephyr/kernel/libkernel.a(device.c.obj)
 .note.GNU-stack
                0x00000000        0x0 zephyr/kernel/libkernel.a(fatal.c.obj)
 .note.GNU-stack
                0x00000000        0x0 zephyr/kernel/libkernel.a(init.c.obj)
 .note.GNU-stack
                0x00000000        0x0 zephyr/kernel/libkernel.a(thread.c.obj)
 .note.GNU-stack
                0x00000000        0x0 zephyr/kernel/libkernel.a(idle.c.obj)
 .note.GNU-stack
                0x00000000        0x0 zephyr/kernel/libkernel.a(sem.c.obj)
 .note.GNU-stack
                0x00000000        0x0 zephyr/kernel/libkernel.a(work.c.obj)
 .note.GNU-stack
                0x00000000        0x0 zephyr/kernel/libkernel.a(sched.c.obj)
 .note.GNU-stack
                0x00000000        0x0 zephyr/kernel/libkernel.a(timeout.c.obj)
 .note.GNU-stack
                0x00000000        0x0 zephyr/kernel/libkernel.a(banner.c.obj)
 .note.GNU-stack
                0x00000000        0x0 zephyr/kernel/libkernel.a(system_work_q.c.obj)

.gnu.build.attributes
 *(SORT_BY_ALIGNMENT(.gnu.build.attributes))

.debug
 *(SORT_BY_ALIGNMENT(.debug))

.line
 *(SORT_BY_ALIGNMENT(.line))

.debug_srcinfo
 *(SORT_BY_ALIGNMENT(.debug_srcinfo))

.debug_sfnames
 *(SORT_BY_ALIGNMENT(.debug_sfnames))

.debug_aranges  0x00000000      0xc58
 *(SORT_BY_ALIGNMENT(.debug_aranges))
 .debug_aranges
                0x00000000       0x20 zephyr/CMakeFiles/offsets.dir/./arch/posix/core/offsets/offsets.c.obj
 .debug_aranges
                0x00000020       0x20 app/libapp.a(main.c.obj)
 .debug_aranges
                0x00000040       0x38 app/libapp.a(button.c.obj)
 .debug_aranges
                0x00000078       0x68 zephyr/libzephyr.a(printk.c.obj)
 .debug_aranges
                0x000000e0       0x20 zephyr/libzephyr.a(thread_entry.c.obj)
 .debug_aranges
                0x00000100       0x38 zephyr/libzephyr.a(cbprintf_complete.c.obj)
 .debug_aranges
                0x00000138       0x28 zephyr/libzephyr.a(assert.c.obj)
 .debug_aranges
                0x00000160       0x20 zephyr/libzephyr.a(configs.c.obj)
 .debug_aranges
                0x00000180       0x38 zephyr/libzephyr.a(tracing_none.c.obj)
 .debug_aranges
                0x000001b8       0x28 zephyr/arch/arch/posix/core/libarch__posix__core.a(cpuhalt.c.obj)
 .debug_aranges
                0x000001e0       0x20 zephyr/arch/arch/posix/core/libarch__posix__core.a(fatal.c.obj)
 .debug_aranges
                0x00000200       0x30 zephyr/arch/arch/posix/core/libarch__posix__core.a(irq.c.obj)
 .debug_aranges
                0x00000230       0x28 zephyr/arch/arch/posix/core/libarch__posix__core.a(swap.c.obj)
 .debug_aranges
                0x00000258       0x30 zephyr/arch/arch/posix/core/libarch__posix__core.a(thread.c.obj)
 .debug_aranges
                0x00000288       0x50 zephyr/arch/arch/posix/core/libarch__posix__core.a(posix_core_nsi.c.obj)
 .debug_aranges
                0x000002d8       0x50 zephyr/soc/soc/posix/inf_clock/libsoc__posix__inf_clock.a(soc.c.obj)
 .debug_aranges
                0x00000328       0x20 zephyr/soc/soc/posix/inf_clock/libsoc__posix__inf_clock.a(native_tasks.c.obj)
 .debug_aranges
                0x00000348       0x30 zephyr/boards/posix/native_sim/libboards__posix__native_sim.a(cmdline.c.obj)
 .debug_aranges
                0x00000378       0x40 zephyr/boards/posix/native_sim/libboards__posix__native_sim.a(nsi_if.c.obj)
 .debug_aranges
                0x000003b8       0x80 zephyr/boards/posix/native_sim/libboards__posix__native_sim.a(irq_handler.c.obj)
 .debug_aranges
                0x00000438       0x20 zephyr/boards/posix/native_sim/libboards__posix__native_sim.a(misc.c.obj)
 .debug_aranges
                0x00000458       0x60 zephyr/boards/posix/native_sim/libboards__posix__native_sim.a(posix_arch_if.c.obj)
 .debug_aranges
                0x000004b8       0x30 zephyr/drivers/console/libdrivers__console.a(posix_arch_console.c.obj)
 .debug_aranges
                0x000004e8       0x30 zephyr/drivers/console/libdrivers__console.a(uart_console.c.obj)
 .debug_aranges
                0x00000518       0xb0 zephyr/drivers/gpio/libdrivers__gpio.a(gpio_emul.c.obj)
 .debug_aranges
                0x000005c8       0x48 zephyr/drivers/serial/libdrivers__serial.a(uart_native_ptty.c.obj)
 .debug_aranges
                0x00000610       0x58 zephyr/drivers/timer/libdrivers__timer.a(native_posix_timer.c.obj)
 .debug_aranges
                0x00000668       0x38 zephyr/kernel/libkernel.a(device.c.obj)
 .debug_aranges
                0x000006a0       0x60 zephyr/kernel/libkernel.a(fatal.c.obj)
 .debug_aranges
                0x00000700       0x58 zephyr/kernel/libkernel.a(init.c.obj)
 .debug_aranges
                0x00000758       0xb8 zephyr/kernel/libkernel.a(thread.c.obj)
 .debug_aranges
                0x00000810       0x30 zephyr/kernel/libkernel.a(idle.c.obj)
 .debug_aranges
                0x00000840       0x38 zephyr/kernel/libkernel.a(sem.c.obj)
 .debug_aranges
                0x00000878      0x110 zephyr/kernel/libkernel.a(work.c.obj)
 .debug_aranges
                0x00000988      0x200 zephyr/kernel/libkernel.a(sched.c.obj)
 .debug_aranges
                0x00000b88       0x90 zephyr/kernel/libkernel.a(timeout.c.obj)
 .debug_aranges
                0x00000c18       0x20 zephyr/kernel/libkernel.a(banner.c.obj)
 .debug_aranges
                0x00000c38       0x20 zephyr/kernel/libkernel.a(system_work_q.c.obj)

.debug_pubnames
 *(SORT_BY_ALIGNMENT(.debug_pubnames))

.debug_info     0x00000000    0x1f562
 *(SORT_BY_ALIGNMENT(.debug_info))
 .debug_info    0x00000000       0xe3 zephyr/CMakeFiles/offsets.dir/./arch/posix/core/offsets/offsets.c.obj
 .debug_info    0x000000e3      0x24b app/libapp.a(main.c.obj)
 .debug_info    0x0000032e     0x13ab app/libapp.a(button.c.obj)
 .debug_info    0x000016d9      0x6c6 zephyr/libzephyr.a(printk.c.obj)
 .debug_info    0x00001d9f      0x5ba zephyr/libzephyr.a(thread_entry.c.obj)
 .debug_info    0x00002359      0xfb8 zephyr/libzephyr.a(cbprintf_complete.c.obj)
 .debug_info    0x00003311      0x1f4 zephyr/libzephyr.a(assert.c.obj)
 .debug_info    0x00003505       0x3f zephyr/libzephyr.a(configs.c.obj)
 .debug_info    0x00003544       0x56 zephyr/libzephyr.a(tracing_none.c.obj)
 .debug_info    0x0000359a      0x11e zephyr/arch/arch/posix/core/libarch__posix__core.a(cpuhalt.c.obj)
 .debug_info    0x000036b8       0xda zephyr/arch/arch/posix/core/libarch__posix__core.a(fatal.c.obj)
 .debug_info    0x00003792      0x163 zephyr/arch/arch/posix/core/libarch__posix__core.a(irq.c.obj)
 .debug_info    0x000038f5      0x6f7 zephyr/arch/arch/posix/core/libarch__posix__core.a(swap.c.obj)
 .debug_info    0x00003fec      0x85a zephyr/arch/arch/posix/core/libarch__posix__core.a(thread.c.obj)
 .debug_info    0x00004846      0x261 zephyr/arch/arch/posix/core/libarch__posix__core.a(posix_core_nsi.c.obj)
 .debug_info    0x00004aa7      0x33c zephyr/soc/soc/posix/inf_clock/libsoc__posix__inf_clock.a(soc.c.obj)
 .debug_info    0x00004de3       0xf0 zephyr/soc/soc/posix/inf_clock/libsoc__posix__inf_clock.a(native_tasks.c.obj)
 .debug_info    0x00004ed3      0x235 zephyr/boards/posix/native_sim/libboards__posix__native_sim.a(cmdline.c.obj)
 .debug_info    0x00005108      0x15d zephyr/boards/posix/native_sim/libboards__posix__native_sim.a(nsi_if.c.obj)
 .debug_info    0x00005265      0xc64 zephyr/boards/posix/native_sim/libboards__posix__native_sim.a(irq_handler.c.obj)
 .debug_info    0x00005ec9       0xcc zephyr/boards/posix/native_sim/libboards__posix__native_sim.a(misc.c.obj)
 .debug_info    0x00005f95      0x37e zephyr/boards/posix/native_sim/libboards__posix__native_sim.a(posix_arch_if.c.obj)
 .debug_info    0x00006313      0x264 zephyr/drivers/console/libdrivers__console.a(posix_arch_console.c.obj)
 .debug_info    0x00006577      0x784 zephyr/drivers/console/libdrivers__console.a(uart_console.c.obj)
 .debug_info    0x00006cfb     0x415b zephyr/drivers/gpio/libdrivers__gpio.a(gpio_emul.c.obj)
 .debug_info    0x0000ae56      0x83f zephyr/drivers/serial/libdrivers__serial.a(uart_native_ptty.c.obj)
 .debug_info    0x0000b695      0x4d6 zephyr/drivers/timer/libdrivers__timer.a(native_posix_timer.c.obj)
 .debug_info    0x0000bb6b      0x316 zephyr/kernel/libkernel.a(device.c.obj)
 .debug_info    0x0000be81     0x213c zephyr/kernel/libkernel.a(fatal.c.obj)
 .debug_info    0x0000dfbd     0x10e2 zephyr/kernel/libkernel.a(init.c.obj)
 .debug_info    0x0000f09f     0x24da zephyr/kernel/libkernel.a(thread.c.obj)
 .debug_info    0x00011579      0x277 zephyr/kernel/libkernel.a(idle.c.obj)
 .debug_info    0x000117f0      0xb91 zephyr/kernel/libkernel.a(sem.c.obj)
 .debug_info    0x00012381     0x4989 zephyr/kernel/libkernel.a(work.c.obj)
 .debug_info    0x00016d0a     0x6ab3 zephyr/kernel/libkernel.a(sched.c.obj)
 .debug_info    0x0001d7bd     0x15a4 zephyr/kernel/libkernel.a(timeout.c.obj)
 .debug_info    0x0001ed61       0xc2 zephyr/kernel/libkernel.a(banner.c.obj)
 .debug_info    0x0001ee23      0x73f zephyr/kernel/libkernel.a(system_work_q.c.obj)

.debug_abbrev   0x00000000     0x5e7b
 *(SORT_BY_ALIGNMENT(.debug_abbrev))
 .debug_abbrev  0x00000000       0x62 zephyr/CMakeFiles/offsets.dir/./arch/posix/core/offsets/offsets.c.obj
 .debug_abbrev  0x00000062      0x1ae app/libapp.a(main.c.obj)
 .debug_abbrev  0x00000210      0x4ae app/libapp.a(button.c.obj)
 .debug_abbrev  0x000006be      0x342 zephyr/libzephyr.a(printk.c.obj)
 .debug_abbrev  0x00000a00      0x239 zephyr/libzephyr.a(thread_entry.c.obj)
 .debug_abbrev  0x00000c39      0x3fc zephyr/libzephyr.a(cbprintf_complete.c.obj)
 .debug_abbrev  0x00001035      0x13d zephyr/libzephyr.a(assert.c.obj)
 .debug_abbrev  0x00001172       0x39 zephyr/libzephyr.a(configs.c.obj)
 .debug_abbrev  0x000011ab       0x48 zephyr/libzephyr.a(tracing_none.c.obj)
 .debug_abbrev  0x000011f3       0xcf zephyr/arch/arch/posix/core/libarch__posix__core.a(cpuhalt.c.obj)
 .debug_abbrev  0x000012c2       0x94 zephyr/arch/arch/posix/core/libarch__posix__core.a(fatal.c.obj)
 .debug_abbrev  0x00001356       0xdc zephyr/arch/arch/posix/core/libarch__posix__core.a(irq.c.obj)
 .debug_abbrev  0x00001432      0x22d zephyr/arch/arch/posix/core/libarch__posix__core.a(swap.c.obj)
 .debug_abbrev  0x0000165f      0x281 zephyr/arch/arch/posix/core/libarch__posix__core.a(thread.c.obj)
 .debug_abbrev  0x000018e0      0x10e zephyr/arch/arch/posix/core/libarch__posix__core.a(posix_core_nsi.c.obj)
 .debug_abbrev  0x000019ee      0x155 zephyr/soc/soc/posix/inf_clock/libsoc__posix__inf_clock.a(soc.c.obj)
 .debug_abbrev  0x00001b43       0xb6 zephyr/soc/soc/posix/inf_clock/libsoc__posix__inf_clock.a(native_tasks.c.obj)
 .debug_abbrev  0x00001bf9       0xf1 zephyr/boards/posix/native_sim/libboards__posix__native_sim.a(cmdline.c.obj)
 .debug_abbrev  0x00001cea       0xc6 zephyr/boards/posix/native_sim/libboards__posix__native_sim.a(nsi_if.c.obj)
 .debug_abbrev  0x00001db0      0x38d zephyr/boards/posix/native_sim/libboards__posix__native_sim.a(irq_handler.c.obj)
 .debug_abbrev  0x0000213d       0x96 zephyr/boards/posix/native_sim/libboards__posix__native_sim.a(misc.c.obj)
 .debug_abbrev  0x000021d3      0x14d zephyr/boards/posix/native_sim/libboards__posix__native_sim.a(posix_arch_if.c.obj)
 .debug_abbrev  0x00002320      0x1c6 zephyr/drivers/console/libdrivers__console.a(posix_arch_console.c.obj)
 .debug_abbrev  0x000024e6      0x377 zephyr/drivers/console/libdrivers__console.a(uart_console.c.obj)
 .debug_abbrev  0x0000285d      0x5b5 zephyr/drivers/gpio/libdrivers__gpio.a(gpio_emul.c.obj)
 .debug_abbrev  0x00002e12      0x2ea zephyr/drivers/serial/libdrivers__serial.a(uart_native_ptty.c.obj)
 .debug_abbrev  0x000030fc      0x285 zephyr/drivers/timer/libdrivers__timer.a(native_posix_timer.c.obj)
 .debug_abbrev  0x00003381      0x19d zephyr/kernel/libkernel.a(device.c.obj)
 .debug_abbrev  0x0000351e      0x3f7 zephyr/kernel/libkernel.a(fatal.c.obj)
 .debug_abbrev  0x00003915      0x5df zephyr/kernel/libkernel.a(init.c.obj)
 .debug_abbrev  0x00003ef4      0x5a2 zephyr/kernel/libkernel.a(thread.c.obj)
 .debug_abbrev  0x00004496      0x18a zephyr/kernel/libkernel.a(idle.c.obj)
 .debug_abbrev  0x00004620      0x36b zephyr/kernel/libkernel.a(sem.c.obj)
 .debug_abbrev  0x0000498b      0x69d zephyr/kernel/libkernel.a(work.c.obj)
 .debug_abbrev  0x00005028      0x703 zephyr/kernel/libkernel.a(sched.c.obj)
 .debug_abbrev  0x0000572b      0x4b8 zephyr/kernel/libkernel.a(timeout.c.obj)
 .debug_abbrev  0x00005be3       0x80 zephyr/kernel/libkernel.a(banner.c.obj)
 .debug_abbrev  0x00005c63      0x218 zephyr/kernel/libkernel.a(system_work_q.c.obj)

.debug_line     0x00000000     0xe532
 *(SORT_BY_ALIGNMENT(.debug_line))
 .debug_line    0x00000000      0x120 zephyr/CMakeFiles/offsets.dir/./arch/posix/core/offsets/offsets.c.obj
 .debug_line    0x00000120      0x208 app/libapp.a(main.c.obj)
 .debug_line    0x00000328      0x6e7 app/libapp.a(button.c.obj)
 .debug_line    0x00000a0f      0x440 zephyr/libzephyr.a(printk.c.obj)
 .debug_line    0x00000e4f      0x304 zephyr/libzephyr.a(thread_entry.c.obj)
 .debug_line    0x00001153      0xc16 zephyr/libzephyr.a(cbprintf_complete.c.obj)
 .debug_line    0x00001d69      0x1fe zephyr/libzephyr.a(assert.c.obj)
 .debug_line    0x00001f67      0x191 zephyr/libzephyr.a(configs.c.obj)
 .debug_line    0x000020f8       0xa9 zephyr/libzephyr.a(tracing_none.c.obj)
 .debug_line    0x000021a1      0x144 zephyr/arch/arch/posix/core/libarch__posix__core.a(cpuhalt.c.obj)
 .debug_line    0x000022e5       0xd3 zephyr/arch/arch/posix/core/libarch__posix__core.a(fatal.c.obj)
 .debug_line    0x000023b8       0xed zephyr/arch/arch/posix/core/libarch__posix__core.a(irq.c.obj)
 .debug_line    0x000024a5      0x399 zephyr/arch/arch/posix/core/libarch__posix__core.a(swap.c.obj)
 .debug_line    0x0000283e      0x45c zephyr/arch/arch/posix/core/libarch__posix__core.a(thread.c.obj)
 .debug_line    0x00002c9a      0x1a6 zephyr/arch/arch/posix/core/libarch__posix__core.a(posix_core_nsi.c.obj)
 .debug_line    0x00002e40      0x355 zephyr/soc/soc/posix/inf_clock/libsoc__posix__inf_clock.a(soc.c.obj)
 .debug_line    0x00003195       0xb6 zephyr/soc/soc/posix/inf_clock/libsoc__posix__inf_clock.a(native_tasks.c.obj)
 .debug_line    0x0000324b      0x106 zephyr/boards/posix/native_sim/libboards__posix__native_sim.a(cmdline.c.obj)
 .debug_line    0x00003351      0x126 zephyr/boards/posix/native_sim/libboards__posix__native_sim.a(nsi_if.c.obj)
 .debug_line    0x00003477      0x65b zephyr/boards/posix/native_sim/libboards__posix__native_sim.a(irq_handler.c.obj)
 .debug_line    0x00003ad2       0xe9 zephyr/boards/posix/native_sim/libboards__posix__native_sim.a(misc.c.obj)
 .debug_line    0x00003bbb      0x264 zephyr/boards/posix/native_sim/libboards__posix__native_sim.a(posix_arch_if.c.obj)
 .debug_line    0x00003e1f      0x1c2 zephyr/drivers/console/libdrivers__console.a(posix_arch_console.c.obj)
 .debug_line    0x00003fe1      0x365 zephyr/drivers/console/libdrivers__console.a(uart_console.c.obj)
 .debug_line    0x00004346     0x14a0 zephyr/drivers/gpio/libdrivers__gpio.a(gpio_emul.c.obj)
 .debug_line    0x000057e6      0x438 zephyr/drivers/serial/libdrivers__serial.a(uart_native_ptty.c.obj)
 .debug_line    0x00005c1e      0x51b zephyr/drivers/timer/libdrivers__timer.a(native_posix_timer.c.obj)
 .debug_line    0x00006139      0x2c5 zephyr/kernel/libkernel.a(device.c.obj)
 .debug_line    0x000063fe      0x54f zephyr/kernel/libkernel.a(fatal.c.obj)
 .debug_line    0x0000694d      0x831 zephyr/kernel/libkernel.a(init.c.obj)
 .debug_line    0x0000717e      0xb71 zephyr/kernel/libkernel.a(thread.c.obj)
 .debug_line    0x00007cef      0x29e zephyr/kernel/libkernel.a(idle.c.obj)
 .debug_line    0x00007f8d      0x5ef zephyr/kernel/libkernel.a(sem.c.obj)
 .debug_line    0x0000857c     0x209e zephyr/kernel/libkernel.a(work.c.obj)
 .debug_line    0x0000a61a     0x2e58 zephyr/kernel/libkernel.a(sched.c.obj)
 .debug_line    0x0000d472      0xd80 zephyr/kernel/libkernel.a(timeout.c.obj)
 .debug_line    0x0000e1f2       0xba zephyr/kernel/libkernel.a(banner.c.obj)
 .debug_line    0x0000e2ac      0x286 zephyr/kernel/libkernel.a(system_work_q.c.obj)

.debug_frame    0x00000000     0x26a8
 *(SORT_BY_ALIGNMENT(.debug_frame))
 .debug_frame   0x00000000       0x24 zephyr/CMakeFiles/offsets.dir/./arch/posix/core/offsets/offsets.c.obj
 .debug_frame   0x00000024       0x34 app/libapp.a(main.c.obj)
 .debug_frame   0x00000058       0x9c app/libapp.a(button.c.obj)
 .debug_frame   0x000000f4      0x13c zephyr/libzephyr.a(printk.c.obj)
 .debug_frame   0x00000230       0x2c zephyr/libzephyr.a(thread_entry.c.obj)
 .debug_frame   0x0000025c       0xc4 zephyr/libzephyr.a(cbprintf_complete.c.obj)
 .debug_frame   0x00000320       0x54 zephyr/libzephyr.a(assert.c.obj)
 .debug_frame   0x00000374       0x24 zephyr/libzephyr.a(configs.c.obj)
 .debug_frame   0x00000398       0x54 zephyr/libzephyr.a(tracing_none.c.obj)
 .debug_frame   0x000003ec       0x58 zephyr/arch/arch/posix/core/libarch__posix__core.a(cpuhalt.c.obj)
 .debug_frame   0x00000444       0x2c zephyr/arch/arch/posix/core/libarch__posix__core.a(fatal.c.obj)
 .debug_frame   0x00000470       0x44 zephyr/arch/arch/posix/core/libarch__posix__core.a(irq.c.obj)
 .debug_frame   0x000004b4       0x54 zephyr/arch/arch/posix/core/libarch__posix__core.a(swap.c.obj)
 .debug_frame   0x00000508       0x80 zephyr/arch/arch/posix/core/libarch__posix__core.a(thread.c.obj)
 .debug_frame   0x00000588       0xf4 zephyr/arch/arch/posix/core/libarch__posix__core.a(posix_core_nsi.c.obj)
 .debug_frame   0x0000067c      0x100 zephyr/soc/soc/posix/inf_clock/libsoc__posix__inf_clock.a(soc.c.obj)
 .debug_frame   0x0000077c       0x3c zephyr/soc/soc/posix/inf_clock/libsoc__posix__inf_clock.a(native_tasks.c.obj)
 .debug_frame   0x000007b8       0x44 zephyr/boards/posix/native_sim/libboards__posix__native_sim.a(cmdline.c.obj)
 .debug_frame   0x000007fc       0xa4 zephyr/boards/posix/native_sim/libboards__posix__native_sim.a(nsi_if.c.obj)
 .debug_frame   0x000008a0      0x148 zephyr/boards/posix/native_sim/libboards__posix__native_sim.a(irq_handler.c.obj)
 .debug_frame   0x000009e8       0x34 zephyr/boards/posix/native_sim/libboards__posix__native_sim.a(misc.c.obj)
 .debug_frame   0x00000a1c       0xd4 zephyr/boards/posix/native_sim/libboards__posix__native_sim.a(posix_arch_if.c.obj)
 .debug_frame   0x00000af0       0x78 zephyr/drivers/console/libdrivers__console.a(posix_arch_console.c.obj)
 .debug_frame   0x00000b68       0x68 zephyr/drivers/console/libdrivers__console.a(uart_console.c.obj)
 .debug_frame   0x00000bd0      0x340 zephyr/drivers/gpio/libdrivers__gpio.a(gpio_emul.c.obj)
 .debug_frame   0x00000f10       0xd8 zephyr/drivers/serial/libdrivers__serial.a(uart_native_ptty.c.obj)
 .debug_frame   0x00000fe8      0x110 zephyr/drivers/timer/libdrivers__timer.a(native_posix_timer.c.obj)
 .debug_frame   0x000010f8       0x8c zephyr/kernel/libkernel.a(device.c.obj)
 .debug_frame   0x00001184       0xd8 zephyr/kernel/libkernel.a(fatal.c.obj)
 .debug_frame   0x0000125c      0x130 zephyr/kernel/libkernel.a(init.c.obj)
 .debug_frame   0x0000138c      0x1f8 zephyr/kernel/libkernel.a(thread.c.obj)
 .debug_frame   0x00001584       0x4c zephyr/kernel/libkernel.a(idle.c.obj)
 .debug_frame   0x000015d0       0xbc zephyr/kernel/libkernel.a(sem.c.obj)
 .debug_frame   0x0000168c      0x498 zephyr/kernel/libkernel.a(work.c.obj)
 .debug_frame   0x00001b24      0x8dc zephyr/kernel/libkernel.a(sched.c.obj)
 .debug_frame   0x00002400      0x240 zephyr/kernel/libkernel.a(timeout.c.obj)
 .debug_frame   0x00002640       0x34 zephyr/kernel/libkernel.a(banner.c.obj)
 .debug_frame   0x00002674       0x34 zephyr/kernel/libkernel.a(system_work_q.c.obj)

.debug_str      0x00000000     0xf760
 *(SORT_BY_ALIGNMENT(.debug_str))
 .debug_str     0x00000000      0x38b zephyr/CMakeFiles/offsets.dir/./arch/posix/core/offsets/offsets.c.obj
 .debug_str     0x0000038b      0x37a app/libapp.a(main.c.obj)
 .debug_str     0x00000705      0xc4f app/libapp.a(button.c.obj)
 .debug_str     0x00001354      0x5a1 zephyr/libzephyr.a(printk.c.obj)
 .debug_str     0x000018f5      0x55d zephyr/libzephyr.a(thread_entry.c.obj)
 .debug_str     0x00001e52      0x6f6 zephyr/libzephyr.a(cbprintf_complete.c.obj)
 .debug_str     0x00002548      0x38f zephyr/libzephyr.a(assert.c.obj)
 .debug_str     0x000028d7      0x204 zephyr/libzephyr.a(configs.c.obj)
 .debug_str     0x00002adb      0x231 zephyr/libzephyr.a(tracing_none.c.obj)
 .debug_str     0x00002d0c      0x2e9 zephyr/arch/arch/posix/core/libarch__posix__core.a(cpuhalt.c.obj)
 .debug_str     0x00002ff5      0x2ad zephyr/arch/arch/posix/core/libarch__posix__core.a(fatal.c.obj)
 .debug_str     0x000032a2      0x2df zephyr/arch/arch/posix/core/libarch__posix__core.a(irq.c.obj)
 .debug_str     0x00003581      0x5fb zephyr/arch/arch/posix/core/libarch__posix__core.a(swap.c.obj)
 .debug_str     0x00003b7c      0x69e zephyr/arch/arch/posix/core/libarch__posix__core.a(thread.c.obj)
 .debug_str     0x0000421a      0x338 zephyr/arch/arch/posix/core/libarch__posix__core.a(posix_core_nsi.c.obj)
 .debug_str     0x00004552      0x581 zephyr/soc/soc/posix/inf_clock/libsoc__posix__inf_clock.a(soc.c.obj)
 .debug_str     0x00004ad3      0x2cb zephyr/soc/soc/posix/inf_clock/libsoc__posix__inf_clock.a(native_tasks.c.obj)
 .debug_str     0x00004d9e      0x345 zephyr/boards/posix/native_sim/libboards__posix__native_sim.a(cmdline.c.obj)
 .debug_str     0x000050e3      0x335 zephyr/boards/posix/native_sim/libboards__posix__native_sim.a(nsi_if.c.obj)
 .debug_str     0x00005418      0xa50 zephyr/boards/posix/native_sim/libboards__posix__native_sim.a(irq_handler.c.obj)
 .debug_str     0x00005e68      0x2be zephyr/boards/posix/native_sim/libboards__posix__native_sim.a(misc.c.obj)
 .debug_str     0x00006126      0x3ff zephyr/boards/posix/native_sim/libboards__posix__native_sim.a(posix_arch_if.c.obj)
 .debug_str     0x00006525      0x342 zephyr/drivers/console/libdrivers__console.a(posix_arch_console.c.obj)
 .debug_str     0x00006867      0x595 zephyr/drivers/console/libdrivers__console.a(uart_console.c.obj)
 .debug_str     0x00006dfc      0xfb7 zephyr/drivers/gpio/libdrivers__gpio.a(gpio_emul.c.obj)
 .debug_str     0x00007db3      0x7fc zephyr/drivers/serial/libdrivers__serial.a(uart_native_ptty.c.obj)
 .debug_str     0x000085af      0x4b0 zephyr/drivers/timer/libdrivers__timer.a(native_posix_timer.c.obj)
 .debug_str     0x00008a5f      0x36e zephyr/kernel/libkernel.a(device.c.obj)
 .debug_str     0x00008dcd      0xb90 zephyr/kernel/libkernel.a(fatal.c.obj)
 .debug_str     0x0000995d      0xa61 zephyr/kernel/libkernel.a(init.c.obj)
 .debug_str     0x0000a3be      0xe97 zephyr/kernel/libkernel.a(thread.c.obj)
 .debug_str     0x0000b255      0x3ab zephyr/kernel/libkernel.a(idle.c.obj)
 .debug_str     0x0000b600      0x7ff zephyr/kernel/libkernel.a(sem.c.obj)
 .debug_str     0x0000bdff     0x1185 zephyr/kernel/libkernel.a(work.c.obj)
 .debug_str     0x0000cf84     0x15e9 zephyr/kernel/libkernel.a(sched.c.obj)
 .debug_str     0x0000e56d      0x80e zephyr/kernel/libkernel.a(timeout.c.obj)
 .debug_str     0x0000ed7b      0x285 zephyr/kernel/libkernel.a(banner.c.obj)
 .debug_str     0x0000f000      0x760 zephyr/kernel/libkernel.a(system_work_q.c.obj)

.debug_loc      0x00000000     0xb4d9
 *(SORT_BY_ALIGNMENT(.debug_loc))
 .debug_loc     0x00000000       0x39 app/libapp.a(main.c.obj)
 .debug_loc     0x00000039      0x37c app/libapp.a(button.c.obj)
 .debug_loc     0x000003b5      0x2af zephyr/libzephyr.a(printk.c.obj)
 .debug_loc     0x00000664       0x15 zephyr/libzephyr.a(thread_entry.c.obj)
 .debug_loc     0x00000679     0x13fa zephyr/libzephyr.a(cbprintf_complete.c.obj)
 .debug_loc     0x00001a73       0x50 zephyr/libzephyr.a(assert.c.obj)
 .debug_loc     0x00001ac3       0x16 zephyr/arch/arch/posix/core/libarch__posix__core.a(cpuhalt.c.obj)
 .debug_loc     0x00001ad9       0x6b zephyr/arch/arch/posix/core/libarch__posix__core.a(swap.c.obj)
 .debug_loc     0x00001b44      0x1a6 zephyr/arch/arch/posix/core/libarch__posix__core.a(thread.c.obj)